이벤트 27,758 (결측정책으로 제외 970)  n=27758 classes=2 (불균형 13820~13938) uniform=0.5000 majority=0.5021
구조 vdrop  D=16  정규화 frame_standardize  max_epochs 80 patience 10  batch 32

  fold 3 seed 0
      [cnn] ep   1  loss 0.2298  val AP 0.9825  *
      [cnn] ep   5  loss 0.0455  val AP 0.9875
      [cnn] ep  10  loss 0.0316  val AP 0.9909
      [cnn] ep  15  loss 0.0211  val AP 0.9878
      [cnn] val AP 가 10 에폭 정체 -> ep 17 에서 중단 (최고 ep 7)
      [earhead] ep   1  loss 0.3559  val AP 0.9516  *
      [earhead] ep   5  loss 0.2178  val AP 0.9812  *
      [earhead] ep  10  loss 0.2000  val AP 0.9769
      [earhead] ep  15  loss 0.1988  val AP 0.9814  *
      [earhead] ep  20  loss 0.1868  val AP 0.9823  *
      [earhead] ep  25  loss 0.1777  val AP 0.9811
      [earhead] ep  30  loss 0.1725  val AP 0.9809
      [earhead] val AP 가 10 에폭 정체 -> ep 30 에서 중단 (최고 ep 20)
    ours PR-AUC 0.9919 | ear_head 0.9732 | ear_rule 0.9047 | 비교상대 ear_head 차이 +0.0187  (ep 7/20, 1121s)

================================================================
  ours      PR-AUC 0.9919  (n=1)
  ear_head  PR-AUC 0.9732  (n=1)
  ear_rule  PR-AUC 0.9047  (n=1)
  차이(ours-EAR) +0.0187  95% CI [+0.0093, +0.0308]
  delta = 0.02  ->  판정: **superior**
  val 낙관(AP) 평균 -0.0002
  -> C:\Users\sch\PycharmProjects\IEEE_sensors\work\nonpi_2026-09-21_maskfix\attempts\vdrop\fold3_seed0\attempt001\result.json
  -> C:\Users\sch\PycharmProjects\IEEE_sensors\work\nonpi_2026-09-21_maskfix\attempts\vdrop\fold3_seed0\attempt001\result_scores/  (런별 test 점수. 서브그룹 분석은 여기서 한다)
