이벤트 27,758 (결측정책으로 제외 970)  n=27758 classes=2 (불균형 13820~13938) uniform=0.5000 majority=0.5021
프론트 image_cnn_head (mEBAL 원문 구조)  D=16  정규화 frame_standardize  max_epochs 80 patience 10  batch 32

  fold 3 seed 2
      [cnn] ep   1  loss 0.6975  val AP 0.5092  *
      [cnn] ep   5  loss 0.1275  val AP 0.9874  *
      [cnn] ep  10  loss 0.0904  val AP 0.9924  *
      [cnn] ep  15  loss 0.0734  val AP 0.9913
      [cnn] ep  20  loss 0.0664  val AP 0.9923
      [cnn] val AP 가 10 에폭 정체 -> ep 20 에서 중단 (최고 ep 10)
      [earhead] ep   1  loss 0.3699  val AP 0.9535  *
      [earhead] ep   5  loss 0.2141  val AP 0.9775
      [earhead] ep  10  loss 0.2033  val AP 0.9775
      [earhead] ep  15  loss 0.1942  val AP 0.9813
      [earhead] ep  20  loss 0.1856  val AP 0.9805
      [earhead] val AP 가 10 에폭 정체 -> ep 23 에서 중단 (최고 ep 13)
    ours PR-AUC 0.9879 | ear_head 0.9772 | ear_rule 0.9047 | 비교상대 ear_head 차이 +0.0107  (ep 10/13, 1401s)

================================================================
  ours      PR-AUC 0.9879  (n=1)
  ear_head  PR-AUC 0.9772  (n=1)
  ear_rule  PR-AUC 0.9047  (n=1)
  차이(ours-EAR) +0.0107  95% CI [+0.0002, +0.0189]
  delta = 0.02  ->  판정: **superior**
  val 낙관(AP) 평균 +0.0045
  -> C:\Users\sch\PycharmProjects\IEEE_sensors\work\nonpi_2026-09-21_maskfix\attempts\gap\fold3_seed2\attempt001\result.json
  -> C:\Users\sch\PycharmProjects\IEEE_sensors\work\nonpi_2026-09-21_maskfix\attempts\gap\fold3_seed2\attempt001\result_scores/  (런별 test 점수. 서브그룹 분석은 여기서 한다)
