이벤트 27,758 (결측정책으로 제외 970)  n=27758 classes=2 (불균형 13820~13938) uniform=0.5000 majority=0.5021
프론트 image_cnn_head (mEBAL 원문 구조)  D=16  정규화 frame_standardize  max_epochs 80 patience 10  batch 32

  fold 2 seed 2
      [cnn] ep   1  loss 0.6977  val AP 0.5189  *
      [cnn] ep   5  loss 0.1110  val AP 0.9819  *
      [cnn] ep  10  loss 0.0795  val AP 0.9777
      [cnn] ep  15  loss 0.0665  val AP 0.9849
      [cnn] val AP 가 10 에폭 정체 -> ep 18 에서 중단 (최고 ep 8)
      [earhead] ep   1  loss 0.3778  val AP 0.9644  *
      [earhead] ep   5  loss 0.2084  val AP 0.9774  *
      [earhead] ep  10  loss 0.1962  val AP 0.9757
      [earhead] ep  15  loss 0.1836  val AP 0.9774
      [earhead] ep  20  loss 0.1789  val AP 0.9755
      [earhead] ep  25  loss 0.1755  val AP 0.9759
      [earhead] ep  30  loss 0.1705  val AP 0.9755
      [earhead] val AP 가 10 에폭 정체 -> ep 34 에서 중단 (최고 ep 24)
    ours PR-AUC 0.9887 | ear_head 0.9837 | ear_rule 0.9066 | 비교상대 ear_head 차이 +0.0050  (ep 8/24, 1476s)

================================================================
  ours      PR-AUC 0.9887  (n=1)
  ear_head  PR-AUC 0.9837  (n=1)
  ear_rule  PR-AUC 0.9066  (n=1)
  차이(ours-EAR) +0.0050  95% CI [-0.0011, +0.0138]
  delta = 0.02  ->  판정: **non_inferior**
  val 낙관(AP) 평균 -0.0026
  -> C:\Users\sch\PycharmProjects\IEEE_sensors\work\nonpi_2026-09-21_maskfix\attempts\gap\fold2_seed2\attempt001\result.json
  -> C:\Users\sch\PycharmProjects\IEEE_sensors\work\nonpi_2026-09-21_maskfix\attempts\gap\fold2_seed2\attempt001\result_scores/  (런별 test 점수. 서브그룹 분석은 여기서 한다)
