이벤트 27,758 (결측정책으로 제외 970)  n=27758 classes=2 (불균형 13820~13938) uniform=0.5000 majority=0.5021
프론트 image_cnn_head (mEBAL 원문 구조)  D=16  정규화 frame_standardize  max_epochs 80 patience 10  batch 32

  fold 2 seed 1
      [cnn] ep   1  loss 0.6976  val AP 0.5183  *
      [cnn] ep   5  loss 0.1256  val AP 0.9839  *
      [cnn] ep  10  loss 0.0792  val AP 0.9824
      [cnn] ep  15  loss 0.0631  val AP 0.9813
      [cnn] val AP 가 10 에폭 정체 -> ep 17 에서 중단 (최고 ep 7)
      [earhead] ep   1  loss 0.3905  val AP 0.9666  *
      [earhead] ep   5  loss 0.2146  val AP 0.9729
      [earhead] ep  10  loss 0.2002  val AP 0.9761
      [earhead] ep  15  loss 0.1891  val AP 0.9718
      [earhead] ep  20  loss 0.1852  val AP 0.9749
      [earhead] val AP 가 10 에폭 정체 -> ep 22 에서 중단 (최고 ep 12)
    ours PR-AUC 0.9889 | ear_head 0.9835 | ear_rule 0.9066 | 비교상대 ear_head 차이 +0.0054  (ep 7/12, 1230s)

================================================================
  ours      PR-AUC 0.9889  (n=1)
  ear_head  PR-AUC 0.9835  (n=1)
  ear_rule  PR-AUC 0.9066  (n=1)
  차이(ours-EAR) +0.0054  95% CI [-0.0032, +0.0150]
  delta = 0.02  ->  판정: **non_inferior**
  val 낙관(AP) 평균 -0.0012
  -> C:\Users\sch\PycharmProjects\IEEE_sensors\work\nonpi_2026-09-21_maskfix\attempts\gap\fold2_seed1\attempt001\result.json
  -> C:\Users\sch\PycharmProjects\IEEE_sensors\work\nonpi_2026-09-21_maskfix\attempts\gap\fold2_seed1\attempt001\result_scores/  (런별 test 점수. 서브그룹 분석은 여기서 한다)
