이벤트 27,758 (결측정책으로 제외 970)  n=27758 classes=2 (불균형 13820~13938) uniform=0.5000 majority=0.5021
프론트 image_cnn_head (mEBAL 원문 구조)  D=16  정규화 frame_standardize  max_epochs 80 patience 10  batch 32

  fold 4 seed 2
      [cnn] ep   1  loss 0.6973  val AP 0.5301  *
      [cnn] ep   5  loss 0.1228  val AP 0.9625
      [cnn] ep  10  loss 0.0852  val AP 0.9855  *
      [cnn] ep  15  loss 0.0677  val AP 0.9873
      [cnn] ep  20  loss 0.0560  val AP 0.9873
      [cnn] ep  25  loss 0.0512  val AP 0.9880
      [cnn] ep  30  loss 0.0484  val AP 0.9857
      [cnn] ep  35  loss 0.0451  val AP 0.9897
      [cnn] val AP 가 10 에폭 정체 -> ep 36 에서 중단 (최고 ep 26)
      [earhead] ep   1  loss 0.3523  val AP 0.9325  *
      [earhead] ep   5  loss 0.1861  val AP 0.9519  *
      [earhead] ep  10  loss 0.1748  val AP 0.9571
      [earhead] ep  15  loss 0.1675  val AP 0.9580
      [earhead] val AP 가 10 에폭 정체 -> ep 19 에서 중단 (최고 ep 9)
    ours PR-AUC 0.9940 | ear_head 0.9798 | ear_rule 0.8944 | 비교상대 ear_head 차이 +0.0142  (ep 26/9, 2207s)

================================================================
  ours      PR-AUC 0.9940  (n=1)
  ear_head  PR-AUC 0.9798  (n=1)
  ear_rule  PR-AUC 0.8944  (n=1)
  차이(ours-EAR) +0.0142  95% CI [+0.0075, +0.0204]
  delta = 0.02  ->  판정: **superior**
  val 낙관(AP) 평균 -0.0042
  -> C:\Users\sch\PycharmProjects\IEEE_sensors\work\nonpi_2026-09-21_maskfix\attempts\gap\fold4_seed2\attempt001\result.json
  -> C:\Users\sch\PycharmProjects\IEEE_sensors\work\nonpi_2026-09-21_maskfix\attempts\gap\fold4_seed2\attempt001\result_scores/  (런별 test 점수. 서브그룹 분석은 여기서 한다)
