이벤트 27,758 (결측정책으로 제외 970)  n=27758 classes=2 (불균형 13820~13938) uniform=0.5000 majority=0.5021
구조 vdrop  D=16  정규화 frame_standardize  max_epochs 80 patience 10  batch 32

  fold 0 seed 0
      [cnn] ep   1  loss 0.1941  val AP 0.9846  *
      [cnn] ep   5  loss 0.0415  val AP 0.9841
      [cnn] ep  10  loss 0.0241  val AP 0.9863  *
      [cnn] ep  15  loss 0.0161  val AP 0.9848
      [cnn] ep  20  loss 0.0093  val AP 0.9771
      [cnn] val AP 가 10 에폭 정체 -> ep 20 에서 중단 (최고 ep 10)
      [earhead] ep   1  loss 0.3202  val AP 0.9501  *
      [earhead] ep   5  loss 0.1660  val AP 0.9681  *
      [earhead] ep  10  loss 0.1518  val AP 0.9682
      [earhead] ep  15  loss 0.1442  val AP 0.9668
      [earhead] ep  20  loss 0.1425  val AP 0.9665
      [earhead] ep  25  loss 0.1377  val AP 0.9672
      [earhead] ep  30  loss 0.1351  val AP 0.9666
      [earhead] ep  35  loss 0.1291  val AP 0.9674
      [earhead] ep  40  loss 0.1266  val AP 0.9681
      [earhead] ep  45  loss 0.1253  val AP 0.9658
      [earhead] val AP 가 10 에폭 정체 -> ep 46 에서 중단 (최고 ep 36)
    ours PR-AUC 0.9805 | ear_head 0.9605 | ear_rule 0.8700 | 비교상대 ear_head 차이 +0.0199  (ep 10/36, 1367s)

================================================================
  ours      PR-AUC 0.9805  (n=1)
  ear_head  PR-AUC 0.9605  (n=1)
  ear_rule  PR-AUC 0.8700  (n=1)
  차이(ours-EAR) +0.0199  95% CI [+0.0124, +0.0289]
  delta = 0.02  ->  판정: **superior**
  val 낙관(AP) 평균 +0.0058
  -> C:\Users\sch\PycharmProjects\IEEE_sensors\work\nonpi_2026-09-21\attempts\vdrop\fold0_seed0\attempt001\result.json
  -> C:\Users\sch\PycharmProjects\IEEE_sensors\work\nonpi_2026-09-21\attempts\vdrop\fold0_seed0\attempt001\result_scores/  (런별 test 점수. 서브그룹 분석은 여기서 한다)
