이벤트 27,758 (결측정책으로 제외 970)  n=27758 classes=2 (불균형 13820~13938) uniform=0.5000 majority=0.5021
구조 vdrop  D=16  정규화 frame_standardize  max_epochs 80 patience 10  batch 32

  fold 0 seed 1
      [cnn] ep   1  loss 0.2245  val AP 0.9749  *
      [cnn] ep   5  loss 0.0452  val AP 0.9768
      [cnn] ep  10  loss 0.0309  val AP 0.9810
      [cnn] val AP 가 10 에폭 정체 -> ep 12 에서 중단 (최고 ep 2)
      [earhead] ep   1  loss 0.3478  val AP 0.9396  *
      [earhead] ep   5  loss 0.1682  val AP 0.9628  *
      [earhead] ep  10  loss 0.1580  val AP 0.9630
      [earhead] ep  15  loss 0.1488  val AP 0.9647
      [earhead] ep  20  loss 0.1442  val AP 0.9690  *
      [earhead] ep  25  loss 0.1390  val AP 0.9644
      [earhead] ep  30  loss 0.1346  val AP 0.9637
      [earhead] val AP 가 10 에폭 정체 -> ep 30 에서 중단 (최고 ep 20)
    ours PR-AUC 0.9690 | ear_head 0.9559 | ear_rule 0.8700 | 비교상대 ear_head 차이 +0.0132  (ep 2/20, 843s)

================================================================
  ours      PR-AUC 0.9690  (n=1)
  ear_head  PR-AUC 0.9559  (n=1)
  ear_rule  PR-AUC 0.8700  (n=1)
  차이(ours-EAR) +0.0132  95% CI [+0.0030, +0.0174]
  delta = 0.02  ->  판정: **superior**
  val 낙관(AP) 평균 +0.0150
  -> C:\Users\sch\PycharmProjects\IEEE_sensors\work\nonpi_2026-09-21_maskfix\attempts\vdrop\fold0_seed1\attempt001\result.json
  -> C:\Users\sch\PycharmProjects\IEEE_sensors\work\nonpi_2026-09-21_maskfix\attempts\vdrop\fold0_seed1\attempt001\result_scores/  (런별 test 점수. 서브그룹 분석은 여기서 한다)
