이벤트 27,758 (결측정책으로 제외 970)  n=27758 classes=2 (불균형 13820~13938) uniform=0.5000 majority=0.5021
구조 vpres  D=16  정규화 frame_standardize  max_epochs 80 patience 10  batch 32

  fold 3 seed 2
      [cnn] ep   1  loss 0.2656  val AP 0.9802  *
      [cnn] ep   5  loss 0.0463  val AP 0.9927  *
      [cnn] ep  10  loss 0.0240  val AP 0.9856
      [cnn] ep  15  loss 0.0109  val AP 0.9895
      [cnn] ep  20  loss 0.0100  val AP 0.9843
      [cnn] val AP 가 10 에폭 정체 -> ep 21 에서 중단 (최고 ep 11)
      [earhead] ep   1  loss 0.3699  val AP 0.9535  *
      [earhead] ep   5  loss 0.2141  val AP 0.9775
      [earhead] ep  10  loss 0.2033  val AP 0.9775
      [earhead] ep  15  loss 0.1942  val AP 0.9813
      [earhead] ep  20  loss 0.1856  val AP 0.9805
      [earhead] val AP 가 10 에폭 정체 -> ep 23 에서 중단 (최고 ep 13)
    ours PR-AUC 0.9937 | ear_head 0.9772 | ear_rule 0.9047 | 비교상대 ear_head 차이 +0.0165  (ep 11/13, 1242s)

================================================================
  ours      PR-AUC 0.9937  (n=1)
  ear_head  PR-AUC 0.9772  (n=1)
  ear_rule  PR-AUC 0.9047  (n=1)
  차이(ours-EAR) +0.0165  95% CI [+0.0081, +0.0276]
  delta = 0.02  ->  판정: **superior**
  val 낙관(AP) 평균 -0.0008
  -> C:\Users\sch\PycharmProjects\IEEE_sensors\work\nonpi_2026-09-21_maskfix\attempts\vpres\fold3_seed2\attempt001\result.json
  -> C:\Users\sch\PycharmProjects\IEEE_sensors\work\nonpi_2026-09-21_maskfix\attempts\vpres\fold3_seed2\attempt001\result_scores/  (런별 test 점수. 서브그룹 분석은 여기서 한다)
