이벤트 27,758 (결측정책으로 제외 970)  n=27758 classes=2 (불균형 13820~13938) uniform=0.5000 majority=0.5021
프론트 image_cnn_head (mEBAL 원문 구조)  D=16  정규화 frame_standardize  max_epochs 80 patience 10  batch 32

  fold 1 seed 0
      [cnn] ep   1  loss 0.6993  val AP 0.5376  *
      [cnn] ep   5  loss 0.1134  val AP 0.9867  *
      [cnn] ep  10  loss 0.0759  val AP 0.9898
      [cnn] ep  15  loss 0.0566  val AP 0.9918
      [cnn] ep  20  loss 0.0482  val AP 0.9937  *
      [cnn] ep  25  loss 0.0442  val AP 0.9920
      [cnn] ep  30  loss 0.0422  val AP 0.9906
      [cnn] ep  35  loss 0.0397  val AP 0.9899
      [cnn] val AP 가 10 에폭 정체 -> ep 37 에서 중단 (최고 ep 27)
      [earhead] ep   1  loss 0.3476  val AP 0.9756  *
      [earhead] ep   5  loss 0.2014  val AP 0.9829  *
      [earhead] ep  10  loss 0.1875  val AP 0.9834
      [earhead] ep  15  loss 0.1764  val AP 0.9832
      [earhead] ep  20  loss 0.1696  val AP 0.9808
      [earhead] ep  25  loss 0.1641  val AP 0.9856
      [earhead] ep  30  loss 0.1597  val AP 0.9845
      [earhead] val AP 가 10 에폭 정체 -> ep 34 에서 중단 (최고 ep 24)
    ours PR-AUC 0.9467 | ear_head 0.9711 | ear_rule 0.8899 | 비교상대 ear_head 차이 -0.0244  (ep 27/24, 2422s)

================================================================
  ours      PR-AUC 0.9467  (n=1)
  ear_head  PR-AUC 0.9711  (n=1)
  ear_rule  PR-AUC 0.8899  (n=1)
  차이(ours-EAR) -0.0244  95% CI [-0.1073, +0.0203]
  delta = 0.02  ->  판정: **inconclusive**
  val 낙관(AP) 평균 +0.0477
  -> C:\Users\sch\PycharmProjects\IEEE_sensors\work\nonpi_2026-09-21_maskfix\attempts\gap\fold1_seed0\attempt001\result.json
  -> C:\Users\sch\PycharmProjects\IEEE_sensors\work\nonpi_2026-09-21_maskfix\attempts\gap\fold1_seed0\attempt001\result_scores/  (런별 test 점수. 서브그룹 분석은 여기서 한다)
