note: using only cached resource files
note: Running TeX ...
Fontconfig error: Cannot load default config file: No such file: (null)
warning: MCE_blink_detection.tex:111: Underfull \hbox (badness 4479) in paragraph at lines 103--111
warning: MCE_blink_detection.tex:125: Underfull \vbox (badness 10000) has occurred while \output is active
warning: MCE_blink_detection.tex:125: Overfull \hbox (9.0pt too wide) has occurred while \output is active
warning: MCE_blink_detection.tex:125: Underfull \vbox (badness 10000) has occurred while \output is active
warning: MCE_blink_detection.tex:125: Overfull \vbox (53.5pt too high) has occurred while \output is active
warning: MCE_blink_detection.tex:125: Overfull \hbox (1.0pt too wide) has occurred while \output is active
warning: MCE_blink_detection.tex:227: Overfull \vbox (24.0pt too high) has occurred while \output is active
warning: MCE_blink_detection.tex:227: Overfull \hbox (28.24757pt too wide) has occurred while \output is active
warning: MCE_blink_detection.tex:227: Underfull \vbox (badness 10000) has occurred while \output is active
warning: MCE_blink_detection.tex:227: Underfull \hbox (badness 10000) has occurred while \output is active
warning: MCE_blink_detection.tex:227: Underfull \vbox (badness 10000) has occurred while \output is active
warning: MCE_blink_detection.tex:227: Overfull \vbox (93.25pt too high) has occurred while \output is active
warning: MCE_blink_detection.tex:227: Overfull \hbox (1.0pt too wide) has occurred while \output is active
warning: MCE_blink_detection.tex:232: Overfull \hbox (1.08133pt too wide) detected at line 232
warning: MCE_blink_detection.tex:334: Overfull \hbox (9.0pt too wide) has occurred while \output is active
warning: MCE_blink_detection.tex:334: Underfull \vbox (badness 10000) has occurred while \output is active
warning: MCE_blink_detection.tex:334: Overfull \vbox (53.5pt too high) has occurred while \output is active
warning: MCE_blink_detection.tex:334: Overfull \hbox (1.0pt too wide) has occurred while \output is active
warning: MCE_blink_detection.tex:382: Underfull \hbox (badness 2689) in paragraph at lines 366--382
warning: MCE_blink_detection.tex:423: Overfull \vbox (24.0pt too high) has occurred while \output is active
warning: MCE_blink_detection.tex:423: Overfull \hbox (28.24757pt too wide) has occurred while \output is active
warning: MCE_blink_detection.tex:423: Underfull \vbox (badness 10000) has occurred while \output is active
warning: MCE_blink_detection.tex:423: Underfull \hbox (badness 10000) has occurred while \output is active
warning: MCE_blink_detection.tex:423: Underfull \vbox (badness 10000) has occurred while \output is active
warning: MCE_blink_detection.tex:423: Overfull \vbox (93.25pt too high) has occurred while \output is active
warning: MCE_blink_detection.tex:423: Overfull \hbox (1.0pt too wide) has occurred while \output is active
warning: MCE_blink_detection.tex:444: Underfull \vbox (badness 10000) has occurred while \output is active
warning: MCE_blink_detection.tex:516: Overfull \hbox (9.0pt too wide) has occurred while \output is active
warning: MCE_blink_detection.tex:516: Underfull \vbox (badness 10000) has occurred while \output is active
warning: MCE_blink_detection.tex:516: Overfull \vbox (53.5pt too high) has occurred while \output is active
warning: MCE_blink_detection.tex:516: Overfull \hbox (1.0pt too wide) has occurred while \output is active
warning: MCE_blink_detection.tex:534: Underfull \vbox (badness 2343) has occurred while \output is active
warning: MCE_blink_detection.tex:582: Overfull \vbox (24.0pt too high) has occurred while \output is active
warning: MCE_blink_detection.tex:582: Overfull \hbox (28.24757pt too wide) has occurred while \output is active
warning: MCE_blink_detection.tex:582: Underfull \vbox (badness 10000) has occurred while \output is active
warning: MCE_blink_detection.tex:582: Underfull \hbox (badness 10000) has occurred while \output is active
warning: MCE_blink_detection.tex:582: Underfull \vbox (badness 10000) has occurred while \output is active
warning: MCE_blink_detection.tex:582: Overfull \vbox (93.25pt too high) has occurred while \output is active
warning: MCE_blink_detection.tex:582: Overfull \hbox (1.0pt too wide) has occurred while \output is active
warning: MCE_blink_detection.tex:677: Overfull \hbox (9.0pt too wide) has occurred while \output is active
warning: MCE_blink_detection.tex:677: Underfull \vbox (badness 10000) has occurred while \output is active
warning: MCE_blink_detection.tex:677: Overfull \vbox (53.5pt too high) has occurred while \output is active
warning: MCE_blink_detection.tex:677: Overfull \hbox (1.0pt too wide) has occurred while \output is active
note: Rerunning TeX because "MCE_blink_detection.aux" changed ...
warning: MCE_blink_detection.tex:111: Underfull \hbox (badness 4479) in paragraph at lines 103--111
warning: MCE_blink_detection.tex:125: Underfull \vbox (badness 10000) has occurred while \output is active
warning: MCE_blink_detection.tex:125: Overfull \hbox (9.0pt too wide) has occurred while \output is active
warning: MCE_blink_detection.tex:125: Underfull \vbox (badness 10000) has occurred while \output is active
warning: MCE_blink_detection.tex:125: Overfull \vbox (53.5pt too high) has occurred while \output is active
warning: MCE_blink_detection.tex:125: Overfull \hbox (1.0pt too wide) has occurred while \output is active
warning: MCE_blink_detection.tex:227: Overfull \vbox (24.0pt too high) has occurred while \output is active
warning: MCE_blink_detection.tex:227: Overfull \hbox (28.24757pt too wide) has occurred while \output is active
warning: MCE_blink_detection.tex:227: Underfull \vbox (badness 10000) has occurred while \output is active
warning: MCE_blink_detection.tex:227: Underfull \hbox (badness 10000) has occurred while \output is active
warning: MCE_blink_detection.tex:227: Underfull \vbox (badness 10000) has occurred while \output is active
warning: MCE_blink_detection.tex:227: Overfull \vbox (93.25pt too high) has occurred while \output is active
warning: MCE_blink_detection.tex:227: Overfull \hbox (1.0pt too wide) has occurred while \output is active
warning: MCE_blink_detection.tex:232: Overfull \hbox (1.08133pt too wide) detected at line 232
warning: MCE_blink_detection.tex:334: Overfull \hbox (9.0pt too wide) has occurred while \output is active
warning: MCE_blink_detection.tex:334: Underfull \vbox (badness 10000) has occurred while \output is active
warning: MCE_blink_detection.tex:334: Overfull \vbox (53.5pt too high) has occurred while \output is active
warning: MCE_blink_detection.tex:334: Overfull \hbox (1.0pt too wide) has occurred while \output is active
warning: MCE_blink_detection.tex:382: Underfull \hbox (badness 2689) in paragraph at lines 366--382
warning: MCE_blink_detection.tex:423: Overfull \vbox (24.0pt too high) has occurred while \output is active
warning: MCE_blink_detection.tex:423: Overfull \hbox (28.24757pt too wide) has occurred while \output is active
warning: MCE_blink_detection.tex:423: Underfull \vbox (badness 10000) has occurred while \output is active
warning: MCE_blink_detection.tex:423: Underfull \hbox (badness 10000) has occurred while \output is active
warning: MCE_blink_detection.tex:423: Underfull \vbox (badness 10000) has occurred while \output is active
warning: MCE_blink_detection.tex:423: Overfull \vbox (93.25pt too high) has occurred while \output is active
warning: MCE_blink_detection.tex:423: Overfull \hbox (1.0pt too wide) has occurred while \output is active
warning: MCE_blink_detection.tex:444: Underfull \vbox (badness 10000) has occurred while \output is active
warning: MCE_blink_detection.tex:516: Overfull \hbox (9.0pt too wide) has occurred while \output is active
warning: MCE_blink_detection.tex:516: Underfull \vbox (badness 10000) has occurred while \output is active
warning: MCE_blink_detection.tex:516: Overfull \vbox (53.5pt too high) has occurred while \output is active
warning: MCE_blink_detection.tex:516: Overfull \hbox (1.0pt too wide) has occurred while \output is active
warning: MCE_blink_detection.tex:534: Underfull \vbox (badness 2343) has occurred while \output is active
warning: MCE_blink_detection.tex:582: Overfull \vbox (24.0pt too high) has occurred while \output is active
warning: MCE_blink_detection.tex:582: Overfull \hbox (28.24757pt too wide) has occurred while \output is active
warning: MCE_blink_detection.tex:582: Underfull \vbox (badness 10000) has occurred while \output is active
warning: MCE_blink_detection.tex:582: Underfull \hbox (badness 10000) has occurred while \output is active
warning: MCE_blink_detection.tex:582: Underfull \vbox (badness 10000) has occurred while \output is active
warning: MCE_blink_detection.tex:582: Overfull \vbox (93.25pt too high) has occurred while \output is active
warning: MCE_blink_detection.tex:582: Overfull \hbox (1.0pt too wide) has occurred while \output is active
warning: MCE_blink_detection.tex:677: Overfull \hbox (9.0pt too wide) has occurred while \output is active
warning: MCE_blink_detection.tex:677: Underfull \vbox (badness 10000) has occurred while \output is active
warning: MCE_blink_detection.tex:677: Overfull \vbox (53.5pt too high) has occurred while \output is active
warning: MCE_blink_detection.tex:677: Overfull \hbox (1.0pt too wide) has occurred while \output is active
note: Running xdvipdfmx ...
warning: warnings were issued by the TeX engine; use --print and/or --keep-logs for details.
note: Writing `work/nonpi_2026-09-18/manuscript\MCE_blink_detection.log` (39.59 KiB)
note: Writing `work/nonpi_2026-09-18/manuscript\MCE_blink_detection.pdf` (98.56 KiB)
note: Skipped writing 2 intermediate files (use --keep-intermediates to keep them)
