이벤트 27,758 (결측정책으로 제외 970)  n=27758 classes=2 (불균형 13820~13938) uniform=0.5000 majority=0.5021
프론트 image_cnn_head (mEBAL 원문 구조)  D=16  정규화 frame_standardize  max_epochs 80 patience 10  batch 32

  fold 0 seed 0
      [cnn] ep   1  loss 0.6988  val AP 0.5578  *
      [cnn] ep   5  loss 0.0962  val AP 0.9491
      [cnn] ep  10  loss 0.0669  val AP 0.9802
      [cnn] ep  15  loss 0.0521  val AP 0.9798
      [cnn] ep  20  loss 0.0479  val AP 0.9800
      [cnn] ep  25  loss 0.0429  val AP 0.9792
      [cnn] ep  30  loss 0.0385  val AP 0.9706
      [cnn] val AP 가 10 에폭 정체 -> ep 32 에서 중단 (최고 ep 22)
      [earhead] ep   1  loss 0.3202  val AP 0.9501  *
      [earhead] ep   5  loss 0.1660  val AP 0.9681  *
      [earhead] ep  10  loss 0.1518  val AP 0.9682
      [earhead] ep  15  loss 0.1442  val AP 0.9668
      [earhead] ep  20  loss 0.1425  val AP 0.9665
      [earhead] ep  25  loss 0.1377  val AP 0.9672
      [earhead] ep  30  loss 0.1351  val AP 0.9666
      [earhead] ep  35  loss 0.1291  val AP 0.9674
      [earhead] ep  40  loss 0.1266  val AP 0.9681
      [earhead] ep  45  loss 0.1253  val AP 0.9658
      [earhead] val AP 가 10 에폭 정체 -> ep 46 에서 중단 (최고 ep 36)
    ours PR-AUC 0.9892 | ear_head 0.9605 | ear_rule 0.8700 | 비교상대 ear_head 차이 +0.0286  (ep 22/36, 2272s)

  fold 0 seed 1
      [cnn] ep   1  loss 0.6996  val AP 0.5045  *
      [cnn] ep   5  loss 0.1076  val AP 0.9487  *
      [cnn] ep  10  loss 0.0662  val AP 0.9714
      [cnn] ep  15  loss 0.0533  val AP 0.9705
      [cnn] ep  20  loss 0.0458  val AP 0.9631
      [cnn] val AP 가 10 에폭 정체 -> ep 21 에서 중단 (최고 ep 11)
      [earhead] ep   1  loss 0.3478  val AP 0.9396  *
      [earhead] ep   5  loss 0.1682  val AP 0.9628  *
      [earhead] ep  10  loss 0.1580  val AP 0.9630
      [earhead] ep  15  loss 0.1488  val AP 0.9647
      [earhead] ep  20  loss 0.1442  val AP 0.9690  *
      [earhead] ep  25  loss 0.1390  val AP 0.9644
      [earhead] ep  30  loss 0.1346  val AP 0.9637
      [earhead] val AP 가 10 에폭 정체 -> ep 30 에서 중단 (최고 ep 20)
    ours PR-AUC 0.9861 | ear_head 0.9559 | ear_rule 0.8700 | 비교상대 ear_head 차이 +0.0303  (ep 11/20, 1448s)

  fold 0 seed 2
      [cnn] ep   1  loss 0.6970  val AP 0.5322  *
      [cnn] ep   5  loss 0.1037  val AP 0.9588  *
      [cnn] ep  10  loss 0.0653  val AP 0.9710
      [cnn] ep  15  loss 0.0513  val AP 0.9771
      [cnn] ep  20  loss 0.0451  val AP 0.9691
      [cnn] ep  25  loss 0.0415  val AP 0.9715
      [cnn] ep  30  loss 0.0392  val AP 0.9726
      [cnn] val AP 가 10 에폭 정체 -> ep 33 에서 중단 (최고 ep 23)
      [earhead] ep   1  loss 0.3417  val AP 0.9532  *
      [earhead] ep   5  loss 0.1720  val AP 0.9662  *
      [earhead] ep  10  loss 0.1549  val AP 0.9670
      [earhead] ep  15  loss 0.1441  val AP 0.9652
      [earhead] val AP 가 10 에폭 정체 -> ep 17 에서 중단 (최고 ep 7)
    ours PR-AUC 0.9895 | ear_head 0.9538 | ear_rule 0.8700 | 비교상대 ear_head 차이 +0.0357  (ep 23/7, 1880s)

  fold 1 seed 0
      [cnn] ep   1  loss 0.6993  val AP 0.5376  *
      [cnn] ep   5  loss 0.1134  val AP 0.9867  *
      [cnn] ep  10  loss 0.0759  val AP 0.9898
      [cnn] ep  15  loss 0.0566  val AP 0.9918
      [cnn] ep  20  loss 0.0482  val AP 0.9937  *
      [cnn] ep  25  loss 0.0442  val AP 0.9920
      [cnn] ep  30  loss 0.0422  val AP 0.9906
      [cnn] ep  35  loss 0.0397  val AP 0.9899
      [cnn] val AP 가 10 에폭 정체 -> ep 37 에서 중단 (최고 ep 27)
      [earhead] ep   1  loss 0.3476  val AP 0.9756  *
      [earhead] ep   5  loss 0.2014  val AP 0.9829  *
      [earhead] ep  10  loss 0.1875  val AP 0.9834
      [earhead] ep  15  loss 0.1764  val AP 0.9832
      [earhead] ep  20  loss 0.1696  val AP 0.9808
      [earhead] ep  25  loss 0.1641  val AP 0.9856
      [earhead] ep  30  loss 0.1597  val AP 0.9845
      [earhead] val AP 가 10 에폭 정체 -> ep 34 에서 중단 (최고 ep 24)
    ours PR-AUC 0.9467 | ear_head 0.9711 | ear_rule 0.8899 | 비교상대 ear_head 차이 -0.0244  (ep 27/24, 2249s)

  fold 1 seed 1
      [cnn] ep   1  loss 0.6988  val AP 0.5191  *
      [cnn] ep   5  loss 0.1188  val AP 0.9860  *
      [cnn] ep  10  loss 0.0727  val AP 0.9892
      [cnn] ep  15  loss 0.0612  val AP 0.9920
      [cnn] ep  20  loss 0.0534  val AP 0.9923
      [cnn] ep  25  loss 0.0479  val AP 0.9925
      [cnn] val AP 가 10 에폭 정체 -> ep 29 에서 중단 (최고 ep 19)
      [earhead] ep   1  loss 0.3712  val AP 0.9663  *
      [earhead] ep   5  loss 0.2065  val AP 0.9776
      [earhead] ep  10  loss 0.1893  val AP 0.9805
      [earhead] ep  15  loss 0.1816  val AP 0.9832  *
      [earhead] ep  20  loss 0.1748  val AP 0.9803
      [earhead] ep  25  loss 0.1699  val AP 0.9826
      [earhead] ep  30  loss 0.1700  val AP 0.9825
      [earhead] ep  35  loss 0.1645  val AP 0.9839
      [earhead] ep  40  loss 0.1597  val AP 0.9809
      [earhead] ep  45  loss 0.1563  val AP 0.9836
      [earhead] ep  50  loss 0.1543  val AP 0.9851
      [earhead] val AP 가 10 에폭 정체 -> ep 52 에서 중단 (최고 ep 42)
    ours PR-AUC 0.9520 | ear_head 0.9674 | ear_rule 0.8899 | 비교상대 ear_head 차이 -0.0154  (ep 19/42, 2074s)

  fold 1 seed 2
      [cnn] ep   1  loss 0.6950  val AP 0.6080  *
      [cnn] ep   5  loss 0.1181  val AP 0.9870  *
      [cnn] ep  10  loss 0.0744  val AP 0.9917
      [cnn] ep  15  loss 0.0583  val AP 0.9934  *
      [cnn] ep  20  loss 0.0516  val AP 0.9941  *
      [cnn] ep  25  loss 0.0488  val AP 0.9922
      [cnn] ep  30  loss 0.0427  val AP 0.9916
      [cnn] val AP 가 10 에폭 정체 -> ep 31 에서 중단 (최고 ep 21)
      [earhead] ep   1  loss 0.3707  val AP 0.9670  *
      [earhead] ep   5  loss 0.2073  val AP 0.9795
      [earhead] ep  10  loss 0.1919  val AP 0.9819
      [earhead] ep  15  loss 0.1815  val AP 0.9809
      [earhead] ep  20  loss 0.1749  val AP 0.9852  *
      [earhead] ep  25  loss 0.1689  val AP 0.9827
      [earhead] ep  30  loss 0.1655  val AP 0.9852  *
      [earhead] ep  35  loss 0.1632  val AP 0.9839
      [earhead] ep  40  loss 0.1589  val AP 0.9851
      [earhead] ep  45  loss 0.1585  val AP 0.9836
      [earhead] ep  50  loss 0.1550  val AP 0.9846
      [earhead] ep  55  loss 0.1551  val AP 0.9857
      [earhead] ep  60  loss 0.1481  val AP 0.9857
      [earhead] val AP 가 10 에폭 정체 -> ep 63 에서 중단 (최고 ep 53)
    ours PR-AUC 0.9672 | ear_head 0.9665 | ear_rule 0.8899 | 비교상대 ear_head 차이 +0.0007  (ep 21/53, 2304s)

  fold 2 seed 0
      [cnn] ep   1  loss 0.6979  val AP 0.6088  *
      [cnn] ep   5  loss 0.1118  val AP 0.9865  *
