이벤트 27,758 (결측정책으로 제외 970)  n=27758 classes=2 (불균형 13820~13938) uniform=0.5000 majority=0.5021
구조 vdrop  D=16  정규화 frame_standardize  max_epochs 80 patience 10  batch 32

  fold 4 seed 0
      [cnn] ep   1  loss 0.2076  val AP 0.9800  *
      [cnn] ep   5  loss 0.0434  val AP 0.9851  *
      [cnn] ep  10  loss 0.0303  val AP 0.9805
      [cnn] ep  15  loss 0.0162  val AP 0.9638
      [cnn] val AP 가 10 에폭 정체 -> ep 16 에서 중단 (최고 ep 6)
      [earhead] ep   1  loss 0.3460  val AP 0.9436  *
      [earhead] ep   5  loss 0.1864  val AP 0.9522  *
      [earhead] ep  10  loss 0.1743  val AP 0.9532
      [earhead] ep  15  loss 0.1646  val AP 0.9555
      [earhead] ep  20  loss 0.1576  val AP 0.9565
      [earhead] ep  25  loss 0.1535  val AP 0.9596
      [earhead] ep  30  loss 0.1481  val AP 0.9607  *
      [earhead] ep  35  loss 0.1470  val AP 0.9608
      [earhead] ep  40  loss 0.1442  val AP 0.9599
      [earhead] ep  45  loss 0.1419  val AP 0.9586
      [earhead] ep  50  loss 0.1372  val AP 0.9592
      [earhead] val AP 가 10 에폭 정체 -> ep 53 에서 중단 (최고 ep 43)
    ours PR-AUC 0.9897 | ear_head 0.9784 | ear_rule 0.8944 | 비교상대 ear_head 차이 +0.0113  (ep 6/43, 1319s)

================================================================
  ours      PR-AUC 0.9897  (n=1)
  ear_head  PR-AUC 0.9784  (n=1)
  ear_rule  PR-AUC 0.8944  (n=1)
  차이(ours-EAR) +0.0113  95% CI [+0.0053, +0.0197]
  delta = 0.02  ->  판정: **superior**
  val 낙관(AP) 평균 -0.0044
  -> C:\Users\sch\PycharmProjects\IEEE_sensors\work\nonpi_2026-09-21_maskfix\attempts\vdrop\fold4_seed0\attempt001\result.json
  -> C:\Users\sch\PycharmProjects\IEEE_sensors\work\nonpi_2026-09-21_maskfix\attempts\vdrop\fold4_seed0\attempt001\result_scores/  (런별 test 점수. 서브그룹 분석은 여기서 한다)
