이벤트 27,758 (결측정책으로 제외 970)  n=27758 classes=2 (불균형 13820~13938) uniform=0.5000 majority=0.5021
구조 vpres  D=16  정규화 frame_standardize  max_epochs 80 patience 10  batch 32

  fold 4 seed 1
      [cnn] ep   1  loss 0.2181  val AP 0.9740  *
      [cnn] ep   5  loss 0.0396  val AP 0.9796
      [cnn] ep  10  loss 0.0204  val AP 0.9840  *
      [cnn] ep  15  loss 0.0105  val AP 0.9811
      [cnn] ep  20  loss 0.0040  val AP 0.9801
      [cnn] val AP 가 10 에폭 정체 -> ep 20 에서 중단 (최고 ep 10)
      [earhead] ep   1  loss 0.3625  val AP 0.9209  *
      [earhead] ep   5  loss 0.1969  val AP 0.9478
      [earhead] ep  10  loss 0.1794  val AP 0.9534
      [earhead] ep  15  loss 0.1708  val AP 0.9578  *
      [earhead] ep  20  loss 0.1666  val AP 0.9542
      [earhead] ep  25  loss 0.1613  val AP 0.9569
      [earhead] ep  30  loss 0.1554  val AP 0.9543
      [earhead] ep  35  loss 0.1553  val AP 0.9549
      [earhead] ep  40  loss 0.1536  val AP 0.9500
      [earhead] val AP 가 10 에폭 정체 -> ep 41 에서 중단 (최고 ep 31)
    ours PR-AUC 0.9887 | ear_head 0.9787 | ear_rule 0.8944 | 비교상대 ear_head 차이 +0.0100  (ep 10/31, 1416s)

================================================================
  ours      PR-AUC 0.9887  (n=1)
  ear_head  PR-AUC 0.9787  (n=1)
  ear_rule  PR-AUC 0.8944  (n=1)
  차이(ours-EAR) +0.0100  95% CI [+0.0022, +0.0161]
  delta = 0.02  ->  판정: **superior**
  val 낙관(AP) 평균 -0.0047
  -> C:\Users\sch\PycharmProjects\IEEE_sensors\work\nonpi_2026-09-21_maskfix\attempts\vpres\fold4_seed1\attempt001\result.json
  -> C:\Users\sch\PycharmProjects\IEEE_sensors\work\nonpi_2026-09-21_maskfix\attempts\vpres\fold4_seed1\attempt001\result_scores/  (런별 test 점수. 서브그룹 분석은 여기서 한다)
