이벤트 27,758 (결측정책으로 제외 970)  n=27758 classes=2 (불균형 13820~13938) uniform=0.5000 majority=0.5021
프론트 image_cnn_head (mEBAL 원문 구조)  D=16  정규화 frame_standardize  max_epochs 80 patience 10  batch 32

  fold 1 seed 1
      [cnn] ep   1  loss 0.3078  val AP 0.9622  *
      [cnn] ep   5  loss 0.0628  val AP 0.9936  *
      [cnn] ep  10  loss 0.0486  val AP 0.9946  *
      [cnn] ep  15  loss 0.0404  val AP 0.9947
      [cnn] ep  20  loss 0.0314  val AP 0.9938
      [cnn] val AP 가 10 에폭 정체 -> ep 22 에서 중단 (최고 ep 12)
      [earhead] ep   1  loss 0.3712  val AP 0.9663  *
      [earhead] ep   5  loss 0.2065  val AP 0.9776
      [earhead] ep  10  loss 0.1893  val AP 0.9805
      [earhead] ep  15  loss 0.1816  val AP 0.9832  *
      [earhead] ep  20  loss 0.1748  val AP 0.9803
      [earhead] ep  25  loss 0.1699  val AP 0.9826
      [earhead] ep  30  loss 0.1700  val AP 0.9825
      [earhead] ep  35  loss 0.1645  val AP 0.9839
      [earhead] ep  40  loss 0.1597  val AP 0.9809
      [earhead] ep  45  loss 0.1563  val AP 0.9836
      [earhead] ep  50  loss 0.1543  val AP 0.9851
      [earhead] val AP 가 10 에폭 정체 -> ep 52 에서 중단 (최고 ep 42)
    ours PR-AUC 0.9896 | ear_head 0.9674 | ear_rule 0.8899 | 비교상대 ear_head 차이 +0.0222  (ep 12/42, 1902s)

================================================================
  ours      PR-AUC 0.9896  (n=1)
  ear_head  PR-AUC 0.9674  (n=1)
  ear_rule  PR-AUC 0.8899  (n=1)
  차이(ours-EAR) +0.0222  95% CI [+0.0143, +0.0315]
  delta = 0.02  ->  판정: **superior**
  val 낙관(AP) 평균 +0.0056
  -> C:\Users\sch\PycharmProjects\IEEE_sensors\work\nonpi_2026-09-21_maskfix\attempts\image_head\fold1_seed1\attempt001\result.json
  -> C:\Users\sch\PycharmProjects\IEEE_sensors\work\nonpi_2026-09-21_maskfix\attempts\image_head\fold1_seed1\attempt001\result_scores/  (런별 test 점수. 서브그룹 분석은 여기서 한다)
