이벤트 27,758 (결측정책으로 제외 970)  n=27758 classes=2 (불균형 13820~13938) uniform=0.5000 majority=0.5021
구조 vdrop  D=16  정규화 frame_standardize  max_epochs 80 patience 10  batch 32

  fold 2 seed 1
      [cnn] ep   1  loss 0.2512  val AP 0.9889  *
      [cnn] ep   5  loss 0.0461  val AP 0.9928
      [cnn] ep  10  loss 0.0278  val AP 0.9912
      [cnn] ep  15  loss 0.0180  val AP 0.9891
      [cnn] val AP 가 10 에폭 정체 -> ep 16 에서 중단 (최고 ep 6)
      [earhead] ep   1  loss 0.3905  val AP 0.9666  *
      [earhead] ep   5  loss 0.2146  val AP 0.9729
      [earhead] ep  10  loss 0.2002  val AP 0.9761
      [earhead] ep  15  loss 0.1891  val AP 0.9718
      [earhead] ep  20  loss 0.1852  val AP 0.9749
      [earhead] val AP 가 10 에폭 정체 -> ep 22 에서 중단 (최고 ep 12)
    ours PR-AUC 0.9918 | ear_head 0.9835 | ear_rule 0.9066 | 비교상대 ear_head 차이 +0.0083  (ep 6/12, 948s)

================================================================
  ours      PR-AUC 0.9918  (n=1)
  ear_head  PR-AUC 0.9835  (n=1)
  ear_rule  PR-AUC 0.9066  (n=1)
  차이(ours-EAR) +0.0083  95% CI [+0.0025, +0.0173]
  delta = 0.02  ->  판정: **superior**
  val 낙관(AP) 평균 +0.0017
  -> C:\Users\sch\PycharmProjects\IEEE_sensors\work\nonpi_2026-09-21_maskfix\attempts\vdrop\fold2_seed1\attempt001\result.json
  -> C:\Users\sch\PycharmProjects\IEEE_sensors\work\nonpi_2026-09-21_maskfix\attempts\vdrop\fold2_seed1\attempt001\result_scores/  (런별 test 점수. 서브그룹 분석은 여기서 한다)
