이벤트 27,758 (결측정책으로 제외 970)  n=27758 classes=2 (불균형 13820~13938) uniform=0.5000 majority=0.5021
구조 vdrop  D=16  정규화 frame_standardize  max_epochs 80 patience 10  batch 32

  fold 3 seed 1
      [cnn] ep   1  loss 0.2492  val AP 0.9759  *
      [cnn] ep   5  loss 0.0451  val AP 0.9819
      [cnn] ep  10  loss 0.0251  val AP 0.9890
      [cnn] ep  15  loss 0.0156  val AP 0.9880
      [cnn] ep  20  loss 0.0098  val AP 0.9909
      [cnn] val AP 가 10 에폭 정체 -> ep 23 에서 중단 (최고 ep 13)
      [earhead] ep   1  loss 0.3764  val AP 0.9670  *
      [earhead] ep   5  loss 0.2183  val AP 0.9808
      [earhead] ep  10  loss 0.2020  val AP 0.9809
      [earhead] ep  15  loss 0.1897  val AP 0.9821  *
      [earhead] ep  20  loss 0.1851  val AP 0.9806
      [earhead] ep  25  loss 0.1783  val AP 0.9817
      [earhead] val AP 가 10 에폭 정체 -> ep 28 에서 중단 (최고 ep 18)
    ours PR-AUC 0.9878 | ear_head 0.9762 | ear_rule 0.9047 | 비교상대 ear_head 차이 +0.0116  (ep 13/18, 1271s)

================================================================
  ours      PR-AUC 0.9878  (n=1)
  ear_head  PR-AUC 0.9762  (n=1)
  ear_rule  PR-AUC 0.9047  (n=1)
  차이(ours-EAR) +0.0116  95% CI [+0.0049, +0.0187]
  delta = 0.02  ->  판정: **superior**
  val 낙관(AP) 평균 +0.0037
  -> C:\Users\sch\PycharmProjects\IEEE_sensors\work\nonpi_2026-09-21_maskfix\attempts\vdrop\fold3_seed1\attempt001\result.json
  -> C:\Users\sch\PycharmProjects\IEEE_sensors\work\nonpi_2026-09-21_maskfix\attempts\vdrop\fold3_seed1\attempt001\result_scores/  (런별 test 점수. 서브그룹 분석은 여기서 한다)
