2026-09-28T11:01:56.841655+09:00 session PC_DRYRUN_secondary set=secondary exploratory=True protocol=work\pi_prep_2026-09-28\protocol\pi5_paced30_v1.json
2026-09-28T11:02:00.828414+09:00 PREFLIGHT: not a Raspberry Pi (aarch64 + vcgencmd)
2026-09-28T11:02:00.828414+09:00 PREFLIGHT: governor not performance: {}
2026-09-28T11:02:00.828414+09:00 PREFLIGHT: throttled=None [] (reboot / fix power & cooling)
2026-09-28T11:02:00.829416+09:00 reference idle 2s for session temperature
2026-09-28T11:02:02.835400+09:00 reference temp None
2026-09-28T11:02:02.835400+09:00 run S_b01_ours_vpres (block 1, #0): C:\Users\sch\PycharmProjects\IEEE_sensors\.venv-nonpi\Scripts\python.exe -m src.v2.deploy.run_paced --mode ours_vpres --bundle-root work\nonpi_2026-09-22_onnx\packages\pi_default --bundle-verification work\nonpi_2026-09-22_onnx\packages\pi_default\local_verification.json --equivalence-gate results\v2\check_equivalence.json --source data/_legacy_public/eyeblink8/eyeblink8/9/27122013_152435_cam.avi --expected-clip-sha256 d895e84ad08b3a647bad25b6c696448e2e8305a5cd37968d7075b2cee2e38e0a --expected-clip-frames 5134 --protocol work\pi_prep_2026-09-28\protocol\pi5_paced30_v1.json --protocol-set secondary --out-dir work\pi_prep_2026-09-28\pc_dryrun\PC_DRYRUN_secondary --run-id S_b01_ours_vpres --session-id PC_DRYRUN_secondary --block 1 --order-index 0 --fps 30.0 --pacing drop --budget-ms 33.333333333333336 --warmup-s 3.0 --settle-s 1.0 --idle-pre-s 3.0 --active-s 20.0 --idle-post-s 2.0 --power-hz 7.5 --thermal-hz 1.0 --intra-threads 2 --no-spin
2026-09-28T11:02:34.254818+09:00 run S_b01_ours_vpres exit 0
2026-09-28T11:02:34.255347+09:00 cooldown: minimum 0s
2026-09-28T11:02:34.257468+09:00 cooldown done: {'waited_s': 0.0, 'target_c': None, 'temp_at_start_c': None, 'target_met': True}
2026-09-28T11:02:34.257468+09:00 run S_b01_vdrop (block 1, #1): C:\Users\sch\PycharmProjects\IEEE_sensors\.venv-nonpi\Scripts\python.exe -m src.v2.deploy.run_paced --mode vdrop --bundle-root work\nonpi_2026-09-22_onnx\packages\pi_default --bundle-verification work\nonpi_2026-09-22_onnx\packages\pi_default\local_verification.json --equivalence-gate results\v2\check_equivalence.json --source data/_legacy_public/eyeblink8/eyeblink8/9/27122013_152435_cam.avi --expected-clip-sha256 d895e84ad08b3a647bad25b6c696448e2e8305a5cd37968d7075b2cee2e38e0a --expected-clip-frames 5134 --protocol work\pi_prep_2026-09-28\protocol\pi5_paced30_v1.json --protocol-set secondary --out-dir work\pi_prep_2026-09-28\pc_dryrun\PC_DRYRUN_secondary --run-id S_b01_vdrop --session-id PC_DRYRUN_secondary --block 1 --order-index 1 --fps 30.0 --pacing drop --budget-ms 33.333333333333336 --warmup-s 3.0 --settle-s 1.0 --idle-pre-s 3.0 --active-s 20.0 --idle-post-s 2.0 --power-hz 7.5 --thermal-hz 1.0 --intra-threads 2 --no-spin
2026-09-28T11:03:05.742594+09:00 run S_b01_vdrop exit 0
2026-09-28T11:03:05.742594+09:00 cooldown: minimum 0s
2026-09-28T11:03:05.745599+09:00 cooldown done: {'waited_s': 0.015999999945051968, 'target_c': None, 'temp_at_start_c': None, 'target_met': True}
2026-09-28T11:03:05.745599+09:00 run S_b01_gap (block 1, #2): C:\Users\sch\PycharmProjects\IEEE_sensors\.venv-nonpi\Scripts\python.exe -m src.v2.deploy.run_paced --mode gap --bundle-root work\nonpi_2026-09-22_onnx\packages\pi_default --bundle-verification work\nonpi_2026-09-22_onnx\packages\pi_default\local_verification.json --equivalence-gate results\v2\check_equivalence.json --source data/_legacy_public/eyeblink8/eyeblink8/9/27122013_152435_cam.avi --expected-clip-sha256 d895e84ad08b3a647bad25b6c696448e2e8305a5cd37968d7075b2cee2e38e0a --expected-clip-frames 5134 --protocol work\pi_prep_2026-09-28\protocol\pi5_paced30_v1.json --protocol-set secondary --out-dir work\pi_prep_2026-09-28\pc_dryrun\PC_DRYRUN_secondary --run-id S_b01_gap --session-id PC_DRYRUN_secondary --block 1 --order-index 2 --fps 30.0 --pacing drop --budget-ms 33.333333333333336 --warmup-s 3.0 --settle-s 1.0 --idle-pre-s 3.0 --active-s 20.0 --idle-post-s 2.0 --power-hz 7.5 --thermal-hz 1.0 --intra-threads 2 --no-spin
2026-09-28T11:03:37.273695+09:00 run S_b01_gap exit 0
2026-09-28T11:03:37.273695+09:00 cooldown: minimum 0s
2026-09-28T11:03:37.276699+09:00 cooldown done: {'waited_s': 0.0, 'target_c': None, 'temp_at_start_c': None, 'target_met': True}
2026-09-28T11:03:37.276699+09:00 run S_b02_vdrop (block 2, #3): C:\Users\sch\PycharmProjects\IEEE_sensors\.venv-nonpi\Scripts\python.exe -m src.v2.deploy.run_paced --mode vdrop --bundle-root work\nonpi_2026-09-22_onnx\packages\pi_default --bundle-verification work\nonpi_2026-09-22_onnx\packages\pi_default\local_verification.json --equivalence-gate results\v2\check_equivalence.json --source data/_legacy_public/eyeblink8/eyeblink8/9/27122013_152435_cam.avi --expected-clip-sha256 d895e84ad08b3a647bad25b6c696448e2e8305a5cd37968d7075b2cee2e38e0a --expected-clip-frames 5134 --protocol work\pi_prep_2026-09-28\protocol\pi5_paced30_v1.json --protocol-set secondary --out-dir work\pi_prep_2026-09-28\pc_dryrun\PC_DRYRUN_secondary --run-id S_b02_vdrop --session-id PC_DRYRUN_secondary --block 2 --order-index 3 --fps 30.0 --pacing drop --budget-ms 33.333333333333336 --warmup-s 3.0 --settle-s 1.0 --idle-pre-s 3.0 --active-s 20.0 --idle-post-s 2.0 --power-hz 7.5 --thermal-hz 1.0 --intra-threads 2 --no-spin
2026-09-28T11:04:08.767946+09:00 run S_b02_vdrop exit 0
2026-09-28T11:04:08.767946+09:00 cooldown: minimum 0s
2026-09-28T11:04:08.769945+09:00 cooldown done: {'waited_s': 0.0, 'target_c': None, 'temp_at_start_c': None, 'target_met': True}
2026-09-28T11:04:08.769945+09:00 run S_b02_ours_vpres (block 2, #4): C:\Users\sch\PycharmProjects\IEEE_sensors\.venv-nonpi\Scripts\python.exe -m src.v2.deploy.run_paced --mode ours_vpres --bundle-root work\nonpi_2026-09-22_onnx\packages\pi_default --bundle-verification work\nonpi_2026-09-22_onnx\packages\pi_default\local_verification.json --equivalence-gate results\v2\check_equivalence.json --source data/_legacy_public/eyeblink8/eyeblink8/9/27122013_152435_cam.avi --expected-clip-sha256 d895e84ad08b3a647bad25b6c696448e2e8305a5cd37968d7075b2cee2e38e0a --expected-clip-frames 5134 --protocol work\pi_prep_2026-09-28\protocol\pi5_paced30_v1.json --protocol-set secondary --out-dir work\pi_prep_2026-09-28\pc_dryrun\PC_DRYRUN_secondary --run-id S_b02_ours_vpres --session-id PC_DRYRUN_secondary --block 2 --order-index 4 --fps 30.0 --pacing drop --budget-ms 33.333333333333336 --warmup-s 3.0 --settle-s 1.0 --idle-pre-s 3.0 --active-s 20.0 --idle-post-s 2.0 --power-hz 7.5 --thermal-hz 1.0 --intra-threads 2 --no-spin
2026-09-28T11:04:40.246717+09:00 run S_b02_ours_vpres exit 0
2026-09-28T11:04:40.247716+09:00 cooldown: minimum 0s
2026-09-28T11:04:40.249717+09:00 cooldown done: {'waited_s': 0.0, 'target_c': None, 'temp_at_start_c': None, 'target_met': True}
2026-09-28T11:04:40.249717+09:00 run S_b02_gap (block 2, #5): C:\Users\sch\PycharmProjects\IEEE_sensors\.venv-nonpi\Scripts\python.exe -m src.v2.deploy.run_paced --mode gap --bundle-root work\nonpi_2026-09-22_onnx\packages\pi_default --bundle-verification work\nonpi_2026-09-22_onnx\packages\pi_default\local_verification.json --equivalence-gate results\v2\check_equivalence.json --source data/_legacy_public/eyeblink8/eyeblink8/9/27122013_152435_cam.avi --expected-clip-sha256 d895e84ad08b3a647bad25b6c696448e2e8305a5cd37968d7075b2cee2e38e0a --expected-clip-frames 5134 --protocol work\pi_prep_2026-09-28\protocol\pi5_paced30_v1.json --protocol-set secondary --out-dir work\pi_prep_2026-09-28\pc_dryrun\PC_DRYRUN_secondary --run-id S_b02_gap --session-id PC_DRYRUN_secondary --block 2 --order-index 5 --fps 30.0 --pacing drop --budget-ms 33.333333333333336 --warmup-s 3.0 --settle-s 1.0 --idle-pre-s 3.0 --active-s 20.0 --idle-post-s 2.0 --power-hz 7.5 --thermal-hz 1.0 --intra-threads 2 --no-spin
2026-09-28T11:05:11.722446+09:00 run S_b02_gap exit 0
2026-09-28T11:05:11.722446+09:00 cooldown: minimum 0s
2026-09-28T11:05:11.724438+09:00 cooldown done: {'waited_s': 0.0, 'target_c': None, 'temp_at_start_c': None, 'target_met': True}
2026-09-28T11:05:11.724438+09:00 run S_b03_vdrop (block 3, #6): C:\Users\sch\PycharmProjects\IEEE_sensors\.venv-nonpi\Scripts\python.exe -m src.v2.deploy.run_paced --mode vdrop --bundle-root work\nonpi_2026-09-22_onnx\packages\pi_default --bundle-verification work\nonpi_2026-09-22_onnx\packages\pi_default\local_verification.json --equivalence-gate results\v2\check_equivalence.json --source data/_legacy_public/eyeblink8/eyeblink8/9/27122013_152435_cam.avi --expected-clip-sha256 d895e84ad08b3a647bad25b6c696448e2e8305a5cd37968d7075b2cee2e38e0a --expected-clip-frames 5134 --protocol work\pi_prep_2026-09-28\protocol\pi5_paced30_v1.json --protocol-set secondary --out-dir work\pi_prep_2026-09-28\pc_dryrun\PC_DRYRUN_secondary --run-id S_b03_vdrop --session-id PC_DRYRUN_secondary --block 3 --order-index 6 --fps 30.0 --pacing drop --budget-ms 33.333333333333336 --warmup-s 3.0 --settle-s 1.0 --idle-pre-s 3.0 --active-s 20.0 --idle-post-s 2.0 --power-hz 7.5 --thermal-hz 1.0 --intra-threads 2 --no-spin
2026-09-28T11:05:43.167802+09:00 run S_b03_vdrop exit 0
2026-09-28T11:05:43.167802+09:00 cooldown: minimum 0s
2026-09-28T11:05:43.169801+09:00 cooldown done: {'waited_s': 0.0, 'target_c': None, 'temp_at_start_c': None, 'target_met': True}
2026-09-28T11:05:43.169801+09:00 run S_b03_gap (block 3, #7): C:\Users\sch\PycharmProjects\IEEE_sensors\.venv-nonpi\Scripts\python.exe -m src.v2.deploy.run_paced --mode gap --bundle-root work\nonpi_2026-09-22_onnx\packages\pi_default --bundle-verification work\nonpi_2026-09-22_onnx\packages\pi_default\local_verification.json --equivalence-gate results\v2\check_equivalence.json --source data/_legacy_public/eyeblink8/eyeblink8/9/27122013_152435_cam.avi --expected-clip-sha256 d895e84ad08b3a647bad25b6c696448e2e8305a5cd37968d7075b2cee2e38e0a --expected-clip-frames 5134 --protocol work\pi_prep_2026-09-28\protocol\pi5_paced30_v1.json --protocol-set secondary --out-dir work\pi_prep_2026-09-28\pc_dryrun\PC_DRYRUN_secondary --run-id S_b03_gap --session-id PC_DRYRUN_secondary --block 3 --order-index 7 --fps 30.0 --pacing drop --budget-ms 33.333333333333336 --warmup-s 3.0 --settle-s 1.0 --idle-pre-s 3.0 --active-s 20.0 --idle-post-s 2.0 --power-hz 7.5 --thermal-hz 1.0 --intra-threads 2 --no-spin
2026-09-28T11:06:14.645393+09:00 run S_b03_gap exit 0
2026-09-28T11:06:14.645393+09:00 cooldown: minimum 0s
2026-09-28T11:06:14.648394+09:00 cooldown done: {'waited_s': 0.0, 'target_c': None, 'temp_at_start_c': None, 'target_met': True}
2026-09-28T11:06:14.648394+09:00 run S_b03_ours_vpres (block 3, #8): C:\Users\sch\PycharmProjects\IEEE_sensors\.venv-nonpi\Scripts\python.exe -m src.v2.deploy.run_paced --mode ours_vpres --bundle-root work\nonpi_2026-09-22_onnx\packages\pi_default --bundle-verification work\nonpi_2026-09-22_onnx\packages\pi_default\local_verification.json --equivalence-gate results\v2\check_equivalence.json --source data/_legacy_public/eyeblink8/eyeblink8/9/27122013_152435_cam.avi --expected-clip-sha256 d895e84ad08b3a647bad25b6c696448e2e8305a5cd37968d7075b2cee2e38e0a --expected-clip-frames 5134 --protocol work\pi_prep_2026-09-28\protocol\pi5_paced30_v1.json --protocol-set secondary --out-dir work\pi_prep_2026-09-28\pc_dryrun\PC_DRYRUN_secondary --run-id S_b03_ours_vpres --session-id PC_DRYRUN_secondary --block 3 --order-index 8 --fps 30.0 --pacing drop --budget-ms 33.333333333333336 --warmup-s 3.0 --settle-s 1.0 --idle-pre-s 3.0 --active-s 20.0 --idle-post-s 2.0 --power-hz 7.5 --thermal-hz 1.0 --intra-threads 2 --no-spin
2026-09-28T11:06:46.103349+09:00 run S_b03_ours_vpres exit 0
2026-09-28T11:06:46.108350+09:00 summary: reportable 0, excluded 9
