2026-09-28T11:01:56.841655+09:00 session PC_DRYRUN_secondary set=secondary exploratory=True protocol=work\pi_prep_2026-09-28\protocol\pi5_paced30_v1.json
2026-09-28T11:02:00.828414+09:00 PREFLIGHT: not a Raspberry Pi (aarch64 + vcgencmd)
2026-09-28T11:02:00.828414+09:00 PREFLIGHT: governor not performance: {}
2026-09-28T11:02:00.828414+09:00 PREFLIGHT: throttled=None [] (reboot / fix power & cooling)
2026-09-28T11:02:00.829416+09:00 reference idle 2s for session temperature
2026-09-28T11:02:02.835400+09:00 reference temp None
2026-09-28T11:02:02.835400+09:00 run S_b01_ours_vpres (block 1, #0): C:\Users\sch\PycharmProjects\IEEE_sensors\.venv-nonpi\Scripts\python.exe -m src.v2.deploy.run_paced --mode ours_vpres --bundle-root work\nonpi_2026-09-22_onnx\packages\pi_default --bundle-verification work\nonpi_2026-09-22_onnx\packages\pi_default\local_verification.json --equivalence-gate results\v2\check_equivalence.json --source data/_legacy_public/eyeblink8/eyeblink8/9/27122013_152435_cam.avi --expected-clip-sha256 d895e84ad08b3a647bad25b6c696448e2e8305a5cd37968d7075b2cee2e38e0a --expected-clip-frames 5134 --protocol work\pi_prep_2026-09-28\protocol\pi5_paced30_v1.json --protocol-set secondary --out-dir work\pi_prep_2026-09-28\pc_dryrun\PC_DRYRUN_secondary --run-id S_b01_ours_vpres --session-id PC_DRYRUN_secondary --block 1 --order-index 0 --fps 30.0 --pacing drop --budget-ms 33.333333333333336 --warmup-s 3.0 --settle-s 1.0 --idle-pre-s 3.0 --active-s 20.0 --idle-post-s 2.0 --power-hz 7.5 --thermal-hz 1.0 --intra-threads 2 --no-spin
INFO: Created TensorFlow Lite XNNPACK delegate for CPU.
WARNING: All log messages before absl::InitializeLog() is called are written to STDERR
W0000 00:00:1790560923.585563   22036 inference_feedback_manager.cc:114] Feedback manager requires a model with a single signature inference. Disabling support for feedback tensors.
[phase] warmup    start wall=2026-09-28T02:02:03.586215+00:00
W0000 00:00:1790560923.591357   22036 inference_feedback_manager.cc:114] Feedback manager requires a model with a single signature inference. Disabling support for feedback tensors.
W0000 00:00:1790560923.604270    9816 landmark_projection_calculator.cc:186] Using NORM_RECT without IMAGE_DIMENSIONS is only supported for the square ROI. Provide IMAGE_DIMENSIONS or use PROJECTION_MATRIX.
[phase] warmup    end   wall=2026-09-28T02:02:06.587861+00:00
[phase] settle    start wall=2026-09-28T02:02:06.596881+00:00
[phase] settle    end   wall=2026-09-28T02:02:07.597475+00:00
[phase] idle_pre  start wall=2026-09-28T02:02:07.597475+00:00
[phase] idle_pre  end   wall=2026-09-28T02:02:10.597974+00:00
[phase] active    start wall=2026-09-28T02:02:10.597974+00:00
[phase] active    end   wall=2026-09-28T02:02:30.598452+00:00
[phase] idle_post start wall=2026-09-28T02:02:30.598452+00:00
[phase] idle_post end   wall=2026-09-28T02:02:32.599190+00:00
ours_vpres S_b01_ours_vpres: processed 600/600, dropped 0, miss 0, response p99 5.73781140614301, reportable=False
  ! not a Raspberry Pi run (no aarch64/vcgencmd): desktop dry run only
  ! CPU governor not 'performance' at platform_start: {}
  ! CPU governor not 'performance' at platform_end: {}
  ! PMIC read/parse errors: 207
  ! no PMIC samples in idle_pre
  ! no PMIC samples in active
  ! no PMIC samples in idle_post
  -> work\pi_prep_2026-09-28\pc_dryrun\PC_DRYRUN_secondary\S_b01_ours_vpres\run.json
2026-09-28T11:02:34.254818+09:00 run S_b01_ours_vpres exit 0
2026-09-28T11:02:34.255347+09:00 cooldown: minimum 0s
2026-09-28T11:02:34.257468+09:00 cooldown done: {'waited_s': 0.0, 'target_c': None, 'temp_at_start_c': None, 'target_met': True}
2026-09-28T11:02:34.257468+09:00 run S_b01_vdrop (block 1, #1): C:\Users\sch\PycharmProjects\IEEE_sensors\.venv-nonpi\Scripts\python.exe -m src.v2.deploy.run_paced --mode vdrop --bundle-root work\nonpi_2026-09-22_onnx\packages\pi_default --bundle-verification work\nonpi_2026-09-22_onnx\packages\pi_default\local_verification.json --equivalence-gate results\v2\check_equivalence.json --source data/_legacy_public/eyeblink8/eyeblink8/9/27122013_152435_cam.avi --expected-clip-sha256 d895e84ad08b3a647bad25b6c696448e2e8305a5cd37968d7075b2cee2e38e0a --expected-clip-frames 5134 --protocol work\pi_prep_2026-09-28\protocol\pi5_paced30_v1.json --protocol-set secondary --out-dir work\pi_prep_2026-09-28\pc_dryrun\PC_DRYRUN_secondary --run-id S_b01_vdrop --session-id PC_DRYRUN_secondary --block 1 --order-index 1 --fps 30.0 --pacing drop --budget-ms 33.333333333333336 --warmup-s 3.0 --settle-s 1.0 --idle-pre-s 3.0 --active-s 20.0 --idle-post-s 2.0 --power-hz 7.5 --thermal-hz 1.0 --intra-threads 2 --no-spin
INFO: Created TensorFlow Lite XNNPACK delegate for CPU.
WARNING: All log messages before absl::InitializeLog() is called are written to STDERR
W0000 00:00:1790560955.001091   13724 inference_feedback_manager.cc:114] Feedback manager requires a model with a single signature inference. Disabling support for feedback tensors.
W0000 00:00:1790560955.006721   13724 inference_feedback_manager.cc:114] Feedback manager requires a model with a single signature inference. Disabling support for feedback tensors.
[phase] warmup    start wall=2026-09-28T02:02:35.013567+00:00
W0000 00:00:1790560955.031521   13724 landmark_projection_calculator.cc:186] Using NORM_RECT without IMAGE_DIMENSIONS is only supported for the square ROI. Provide IMAGE_DIMENSIONS or use PROJECTION_MATRIX.
[phase] warmup    end   wall=2026-09-28T02:02:38.014979+00:00
[phase] settle    start wall=2026-09-28T02:02:38.024145+00:00
[phase] settle    end   wall=2026-09-28T02:02:39.024609+00:00
[phase] idle_pre  start wall=2026-09-28T02:02:39.024609+00:00
[phase] idle_pre  end   wall=2026-09-28T02:02:42.025086+00:00
[phase] active    start wall=2026-09-28T02:02:42.025086+00:00
[phase] active    end   wall=2026-09-28T02:03:02.025556+00:00
[phase] idle_post start wall=2026-09-28T02:03:02.025556+00:00
[phase] idle_post end   wall=2026-09-28T02:03:04.026417+00:00
vdrop S_b01_vdrop: processed 600/600, dropped 0, miss 0, response p99 5.789418666390702, reportable=False
  ! not a Raspberry Pi run (no aarch64/vcgencmd): desktop dry run only
  ! CPU governor not 'performance' at platform_start: {}
  ! CPU governor not 'performance' at platform_end: {}
  ! PMIC read/parse errors: 207
  ! no PMIC samples in idle_pre
  ! no PMIC samples in active
  ! no PMIC samples in idle_post
  -> work\pi_prep_2026-09-28\pc_dryrun\PC_DRYRUN_secondary\S_b01_vdrop\run.json
2026-09-28T11:03:05.742594+09:00 run S_b01_vdrop exit 0
2026-09-28T11:03:05.742594+09:00 cooldown: minimum 0s
2026-09-28T11:03:05.745599+09:00 cooldown done: {'waited_s': 0.015999999945051968, 'target_c': None, 'temp_at_start_c': None, 'target_met': True}
2026-09-28T11:03:05.745599+09:00 run S_b01_gap (block 1, #2): C:\Users\sch\PycharmProjects\IEEE_sensors\.venv-nonpi\Scripts\python.exe -m src.v2.deploy.run_paced --mode gap --bundle-root work\nonpi_2026-09-22_onnx\packages\pi_default --bundle-verification work\nonpi_2026-09-22_onnx\packages\pi_default\local_verification.json --equivalence-gate results\v2\check_equivalence.json --source data/_legacy_public/eyeblink8/eyeblink8/9/27122013_152435_cam.avi --expected-clip-sha256 d895e84ad08b3a647bad25b6c696448e2e8305a5cd37968d7075b2cee2e38e0a --expected-clip-frames 5134 --protocol work\pi_prep_2026-09-28\protocol\pi5_paced30_v1.json --protocol-set secondary --out-dir work\pi_prep_2026-09-28\pc_dryrun\PC_DRYRUN_secondary --run-id S_b01_gap --session-id PC_DRYRUN_secondary --block 1 --order-index 2 --fps 30.0 --pacing drop --budget-ms 33.333333333333336 --warmup-s 3.0 --settle-s 1.0 --idle-pre-s 3.0 --active-s 20.0 --idle-post-s 2.0 --power-hz 7.5 --thermal-hz 1.0 --intra-threads 2 --no-spin
INFO: Created TensorFlow Lite XNNPACK delegate for CPU.
WARNING: All log messages before absl::InitializeLog() is called are written to STDERR
W0000 00:00:1790560986.502089   24232 inference_feedback_manager.cc:114] Feedback manager requires a model with a single signature inference. Disabling support for feedback tensors.
W0000 00:00:1790560986.508523   33296 inference_feedback_manager.cc:114] Feedback manager requires a model with a single signature inference. Disabling support for feedback tensors.
[phase] warmup    start wall=2026-09-28T02:03:06.514473+00:00
W0000 00:00:1790560986.532055    3440 landmark_projection_calculator.cc:186] Using NORM_RECT without IMAGE_DIMENSIONS is only supported for the square ROI. Provide IMAGE_DIMENSIONS or use PROJECTION_MATRIX.
[phase] warmup    end   wall=2026-09-28T02:03:09.515357+00:00
[phase] settle    start wall=2026-09-28T02:03:09.524085+00:00
[phase] settle    end   wall=2026-09-28T02:03:10.524653+00:00
[phase] idle_pre  start wall=2026-09-28T02:03:10.524653+00:00
[phase] idle_pre  end   wall=2026-09-28T02:03:13.524970+00:00
[phase] active    start wall=2026-09-28T02:03:13.524970+00:00
[phase] active    end   wall=2026-09-28T02:03:33.525531+00:00
[phase] idle_post start wall=2026-09-28T02:03:33.525531+00:00
[phase] idle_post end   wall=2026-09-28T02:03:35.525954+00:00
gap S_b01_gap: processed 600/600, dropped 0, miss 0, response p99 5.610755680827421, reportable=False
  ! not a Raspberry Pi run (no aarch64/vcgencmd): desktop dry run only
  ! CPU governor not 'performance' at platform_start: {}
  ! CPU governor not 'performance' at platform_end: {}
  ! PMIC read/parse errors: 207
  ! no PMIC samples in idle_pre
  ! no PMIC samples in active
  ! no PMIC samples in idle_post
  -> work\pi_prep_2026-09-28\pc_dryrun\PC_DRYRUN_secondary\S_b01_gap\run.json
2026-09-28T11:03:37.273695+09:00 run S_b01_gap exit 0
2026-09-28T11:03:37.273695+09:00 cooldown: minimum 0s
2026-09-28T11:03:37.276699+09:00 cooldown done: {'waited_s': 0.0, 'target_c': None, 'temp_at_start_c': None, 'target_met': True}
2026-09-28T11:03:37.276699+09:00 run S_b02_vdrop (block 2, #3): C:\Users\sch\PycharmProjects\IEEE_sensors\.venv-nonpi\Scripts\python.exe -m src.v2.deploy.run_paced --mode vdrop --bundle-root work\nonpi_2026-09-22_onnx\packages\pi_default --bundle-verification work\nonpi_2026-09-22_onnx\packages\pi_default\local_verification.json --equivalence-gate results\v2\check_equivalence.json --source data/_legacy_public/eyeblink8/eyeblink8/9/27122013_152435_cam.avi --expected-clip-sha256 d895e84ad08b3a647bad25b6c696448e2e8305a5cd37968d7075b2cee2e38e0a --expected-clip-frames 5134 --protocol work\pi_prep_2026-09-28\protocol\pi5_paced30_v1.json --protocol-set secondary --out-dir work\pi_prep_2026-09-28\pc_dryrun\PC_DRYRUN_secondary --run-id S_b02_vdrop --session-id PC_DRYRUN_secondary --block 2 --order-index 3 --fps 30.0 --pacing drop --budget-ms 33.333333333333336 --warmup-s 3.0 --settle-s 1.0 --idle-pre-s 3.0 --active-s 20.0 --idle-post-s 2.0 --power-hz 7.5 --thermal-hz 1.0 --intra-threads 2 --no-spin
INFO: Created TensorFlow Lite XNNPACK delegate for CPU.
WARNING: All log messages before absl::InitializeLog() is called are written to STDERR
W0000 00:00:1790561018.053370   24368 inference_feedback_manager.cc:114] Feedback manager requires a model with a single signature inference. Disabling support for feedback tensors.
W0000 00:00:1790561018.058993   24368 inference_feedback_manager.cc:114] Feedback manager requires a model with a single signature inference. Disabling support for feedback tensors.
[phase] warmup    start wall=2026-09-28T02:03:38.068449+00:00
W0000 00:00:1790561018.086060   25912 landmark_projection_calculator.cc:186] Using NORM_RECT without IMAGE_DIMENSIONS is only supported for the square ROI. Provide IMAGE_DIMENSIONS or use PROJECTION_MATRIX.
[phase] warmup    end   wall=2026-09-28T02:03:41.068936+00:00
[phase] settle    start wall=2026-09-28T02:03:41.076940+00:00
[phase] settle    end   wall=2026-09-28T02:03:42.077808+00:00
[phase] idle_pre  start wall=2026-09-28T02:03:42.077808+00:00
[phase] idle_pre  end   wall=2026-09-28T02:03:45.078215+00:00
[phase] active    start wall=2026-09-28T02:03:45.078215+00:00
[phase] active    end   wall=2026-09-28T02:04:05.078721+00:00
[phase] idle_post start wall=2026-09-28T02:04:05.078721+00:00
[phase] idle_post end   wall=2026-09-28T02:04:07.079119+00:00
vdrop S_b02_vdrop: processed 600/600, dropped 0, miss 0, response p99 5.532746278913692, reportable=False
  ! not a Raspberry Pi run (no aarch64/vcgencmd): desktop dry run only
  ! CPU governor not 'performance' at platform_start: {}
  ! CPU governor not 'performance' at platform_end: {}
  ! PMIC read/parse errors: 208
  ! no PMIC samples in idle_pre
  ! no PMIC samples in active
  ! no PMIC samples in idle_post
  -> work\pi_prep_2026-09-28\pc_dryrun\PC_DRYRUN_secondary\S_b02_vdrop\run.json
2026-09-28T11:04:08.767946+09:00 run S_b02_vdrop exit 0
2026-09-28T11:04:08.767946+09:00 cooldown: minimum 0s
2026-09-28T11:04:08.769945+09:00 cooldown done: {'waited_s': 0.0, 'target_c': None, 'temp_at_start_c': None, 'target_met': True}
2026-09-28T11:04:08.769945+09:00 run S_b02_ours_vpres (block 2, #4): C:\Users\sch\PycharmProjects\IEEE_sensors\.venv-nonpi\Scripts\python.exe -m src.v2.deploy.run_paced --mode ours_vpres --bundle-root work\nonpi_2026-09-22_onnx\packages\pi_default --bundle-verification work\nonpi_2026-09-22_onnx\packages\pi_default\local_verification.json --equivalence-gate results\v2\check_equivalence.json --source data/_legacy_public/eyeblink8/eyeblink8/9/27122013_152435_cam.avi --expected-clip-sha256 d895e84ad08b3a647bad25b6c696448e2e8305a5cd37968d7075b2cee2e38e0a --expected-clip-frames 5134 --protocol work\pi_prep_2026-09-28\protocol\pi5_paced30_v1.json --protocol-set secondary --out-dir work\pi_prep_2026-09-28\pc_dryrun\PC_DRYRUN_secondary --run-id S_b02_ours_vpres --session-id PC_DRYRUN_secondary --block 2 --order-index 4 --fps 30.0 --pacing drop --budget-ms 33.333333333333336 --warmup-s 3.0 --settle-s 1.0 --idle-pre-s 3.0 --active-s 20.0 --idle-post-s 2.0 --power-hz 7.5 --thermal-hz 1.0 --intra-threads 2 --no-spin
INFO: Created TensorFlow Lite XNNPACK delegate for CPU.
WARNING: All log messages before absl::InitializeLog() is called are written to STDERR
W0000 00:00:1790561049.523937   22288 inference_feedback_manager.cc:114] Feedback manager requires a model with a single signature inference. Disabling support for feedback tensors.
W0000 00:00:1790561049.529256   22288 inference_feedback_manager.cc:114] Feedback manager requires a model with a single signature inference. Disabling support for feedback tensors.
[phase] warmup    start wall=2026-09-28T02:04:09.537288+00:00
W0000 00:00:1790561049.554549   19920 landmark_projection_calculator.cc:186] Using NORM_RECT without IMAGE_DIMENSIONS is only supported for the square ROI. Provide IMAGE_DIMENSIONS or use PROJECTION_MATRIX.
[phase] warmup    end   wall=2026-09-28T02:04:12.537713+00:00
[phase] settle    start wall=2026-09-28T02:04:12.546227+00:00
[phase] settle    end   wall=2026-09-28T02:04:13.546429+00:00
[phase] idle_pre  start wall=2026-09-28T02:04:13.546429+00:00
[phase] idle_pre  end   wall=2026-09-28T02:04:16.546853+00:00
[phase] active    start wall=2026-09-28T02:04:16.546853+00:00
[phase] active    end   wall=2026-09-28T02:04:36.547178+00:00
[phase] idle_post start wall=2026-09-28T02:04:36.547178+00:00
[phase] idle_post end   wall=2026-09-28T02:04:38.547730+00:00
ours_vpres S_b02_ours_vpres: processed 600/600, dropped 0, miss 0, response p99 5.502939502475783, reportable=False
  ! not a Raspberry Pi run (no aarch64/vcgencmd): desktop dry run only
  ! CPU governor not 'performance' at platform_start: {}
  ! CPU governor not 'performance' at platform_end: {}
  ! PMIC read/parse errors: 208
  ! no PMIC samples in idle_pre
  ! no PMIC samples in active
  ! no PMIC samples in idle_post
  -> work\pi_prep_2026-09-28\pc_dryrun\PC_DRYRUN_secondary\S_b02_ours_vpres\run.json
2026-09-28T11:04:40.246717+09:00 run S_b02_ours_vpres exit 0
2026-09-28T11:04:40.247716+09:00 cooldown: minimum 0s
2026-09-28T11:04:40.249717+09:00 cooldown done: {'waited_s': 0.0, 'target_c': None, 'temp_at_start_c': None, 'target_met': True}
2026-09-28T11:04:40.249717+09:00 run S_b02_gap (block 2, #5): C:\Users\sch\PycharmProjects\IEEE_sensors\.venv-nonpi\Scripts\python.exe -m src.v2.deploy.run_paced --mode gap --bundle-root work\nonpi_2026-09-22_onnx\packages\pi_default --bundle-verification work\nonpi_2026-09-22_onnx\packages\pi_default\local_verification.json --equivalence-gate results\v2\check_equivalence.json --source data/_legacy_public/eyeblink8/eyeblink8/9/27122013_152435_cam.avi --expected-clip-sha256 d895e84ad08b3a647bad25b6c696448e2e8305a5cd37968d7075b2cee2e38e0a --expected-clip-frames 5134 --protocol work\pi_prep_2026-09-28\protocol\pi5_paced30_v1.json --protocol-set secondary --out-dir work\pi_prep_2026-09-28\pc_dryrun\PC_DRYRUN_secondary --run-id S_b02_gap --session-id PC_DRYRUN_secondary --block 2 --order-index 5 --fps 30.0 --pacing drop --budget-ms 33.333333333333336 --warmup-s 3.0 --settle-s 1.0 --idle-pre-s 3.0 --active-s 20.0 --idle-post-s 2.0 --power-hz 7.5 --thermal-hz 1.0 --intra-threads 2 --no-spin
INFO: Created TensorFlow Lite XNNPACK delegate for CPU.
WARNING: All log messages before absl::InitializeLog() is called are written to STDERR
W0000 00:00:1790561081.002598    7344 inference_feedback_manager.cc:114] Feedback manager requires a model with a single signature inference. Disabling support for feedback tensors.
W0000 00:00:1790561081.008352   30796 inference_feedback_manager.cc:114] Feedback manager requires a model with a single signature inference. Disabling support for feedback tensors.
[phase] warmup    start wall=2026-09-28T02:04:41.014811+00:00
W0000 00:00:1790561081.033918   12304 landmark_projection_calculator.cc:186] Using NORM_RECT without IMAGE_DIMENSIONS is only supported for the square ROI. Provide IMAGE_DIMENSIONS or use PROJECTION_MATRIX.
[phase] warmup    end   wall=2026-09-28T02:04:44.016293+00:00
[phase] settle    start wall=2026-09-28T02:04:44.023816+00:00
[phase] settle    end   wall=2026-09-28T02:04:45.024913+00:00
[phase] idle_pre  start wall=2026-09-28T02:04:45.024913+00:00
[phase] idle_pre  end   wall=2026-09-28T02:04:48.025395+00:00
[phase] active    start wall=2026-09-28T02:04:48.025395+00:00
[phase] active    end   wall=2026-09-28T02:05:08.025707+00:00
[phase] idle_post start wall=2026-09-28T02:05:08.025707+00:00
[phase] idle_post end   wall=2026-09-28T02:05:10.026219+00:00
gap S_b02_gap: processed 600/600, dropped 0, miss 0, response p99 5.6165763281751415, reportable=False
  ! not a Raspberry Pi run (no aarch64/vcgencmd): desktop dry run only
  ! CPU governor not 'performance' at platform_start: {}
  ! CPU governor not 'performance' at platform_end: {}
  ! PMIC read/parse errors: 208
  ! no PMIC samples in idle_pre
  ! no PMIC samples in active
  ! no PMIC samples in idle_post
  -> work\pi_prep_2026-09-28\pc_dryrun\PC_DRYRUN_secondary\S_b02_gap\run.json
2026-09-28T11:05:11.722446+09:00 run S_b02_gap exit 0
2026-09-28T11:05:11.722446+09:00 cooldown: minimum 0s
2026-09-28T11:05:11.724438+09:00 cooldown done: {'waited_s': 0.0, 'target_c': None, 'temp_at_start_c': None, 'target_met': True}
2026-09-28T11:05:11.724438+09:00 run S_b03_vdrop (block 3, #6): C:\Users\sch\PycharmProjects\IEEE_sensors\.venv-nonpi\Scripts\python.exe -m src.v2.deploy.run_paced --mode vdrop --bundle-root work\nonpi_2026-09-22_onnx\packages\pi_default --bundle-verification work\nonpi_2026-09-22_onnx\packages\pi_default\local_verification.json --equivalence-gate results\v2\check_equivalence.json --source data/_legacy_public/eyeblink8/eyeblink8/9/27122013_152435_cam.avi --expected-clip-sha256 d895e84ad08b3a647bad25b6c696448e2e8305a5cd37968d7075b2cee2e38e0a --expected-clip-frames 5134 --protocol work\pi_prep_2026-09-28\protocol\pi5_paced30_v1.json --protocol-set secondary --out-dir work\pi_prep_2026-09-28\pc_dryrun\PC_DRYRUN_secondary --run-id S_b03_vdrop --session-id PC_DRYRUN_secondary --block 3 --order-index 6 --fps 30.0 --pacing drop --budget-ms 33.333333333333336 --warmup-s 3.0 --settle-s 1.0 --idle-pre-s 3.0 --active-s 20.0 --idle-post-s 2.0 --power-hz 7.5 --thermal-hz 1.0 --intra-threads 2 --no-spin
INFO: Created TensorFlow Lite XNNPACK delegate for CPU.
WARNING: All log messages before absl::InitializeLog() is called are written to STDERR
W0000 00:00:1790561112.474282   31360 inference_feedback_manager.cc:114] Feedback manager requires a model with a single signature inference. Disabling support for feedback tensors.
W0000 00:00:1790561112.479893   31360 inference_feedback_manager.cc:114] Feedback manager requires a model with a single signature inference. Disabling support for feedback tensors.
[phase] warmup    start wall=2026-09-28T02:05:12.487059+00:00
W0000 00:00:1790561112.506486    4180 landmark_projection_calculator.cc:186] Using NORM_RECT without IMAGE_DIMENSIONS is only supported for the square ROI. Provide IMAGE_DIMENSIONS or use PROJECTION_MATRIX.
[phase] warmup    end   wall=2026-09-28T02:05:15.487667+00:00
[phase] settle    start wall=2026-09-28T02:05:15.496176+00:00
[phase] settle    end   wall=2026-09-28T02:05:16.496480+00:00
[phase] idle_pre  start wall=2026-09-28T02:05:16.496480+00:00
[phase] idle_pre  end   wall=2026-09-28T02:05:19.496806+00:00
[phase] active    start wall=2026-09-28T02:05:19.496806+00:00
[phase] active    end   wall=2026-09-28T02:05:39.497361+00:00
[phase] idle_post start wall=2026-09-28T02:05:39.497361+00:00
[phase] idle_post end   wall=2026-09-28T02:05:41.498046+00:00
vdrop S_b03_vdrop: processed 600/600, dropped 0, miss 0, response p99 5.707116397097706, reportable=False
  ! not a Raspberry Pi run (no aarch64/vcgencmd): desktop dry run only
  ! CPU governor not 'performance' at platform_start: {}
  ! CPU governor not 'performance' at platform_end: {}
  ! PMIC read/parse errors: 207
  ! no PMIC samples in idle_pre
  ! no PMIC samples in active
  ! no PMIC samples in idle_post
  -> work\pi_prep_2026-09-28\pc_dryrun\PC_DRYRUN_secondary\S_b03_vdrop\run.json
2026-09-28T11:05:43.167802+09:00 run S_b03_vdrop exit 0
2026-09-28T11:05:43.167802+09:00 cooldown: minimum 0s
2026-09-28T11:05:43.169801+09:00 cooldown done: {'waited_s': 0.0, 'target_c': None, 'temp_at_start_c': None, 'target_met': True}
2026-09-28T11:05:43.169801+09:00 run S_b03_gap (block 3, #7): C:\Users\sch\PycharmProjects\IEEE_sensors\.venv-nonpi\Scripts\python.exe -m src.v2.deploy.run_paced --mode gap --bundle-root work\nonpi_2026-09-22_onnx\packages\pi_default --bundle-verification work\nonpi_2026-09-22_onnx\packages\pi_default\local_verification.json --equivalence-gate results\v2\check_equivalence.json --source data/_legacy_public/eyeblink8/eyeblink8/9/27122013_152435_cam.avi --expected-clip-sha256 d895e84ad08b3a647bad25b6c696448e2e8305a5cd37968d7075b2cee2e38e0a --expected-clip-frames 5134 --protocol work\pi_prep_2026-09-28\protocol\pi5_paced30_v1.json --protocol-set secondary --out-dir work\pi_prep_2026-09-28\pc_dryrun\PC_DRYRUN_secondary --run-id S_b03_gap --session-id PC_DRYRUN_secondary --block 3 --order-index 7 --fps 30.0 --pacing drop --budget-ms 33.333333333333336 --warmup-s 3.0 --settle-s 1.0 --idle-pre-s 3.0 --active-s 20.0 --idle-post-s 2.0 --power-hz 7.5 --thermal-hz 1.0 --intra-threads 2 --no-spin
INFO: Created TensorFlow Lite XNNPACK delegate for CPU.
WARNING: All log messages before absl::InitializeLog() is called are written to STDERR
W0000 00:00:1790561143.938854   30112 inference_feedback_manager.cc:114] Feedback manager requires a model with a single signature inference. Disabling support for feedback tensors.
[phase] warmup    start wall=2026-09-28T02:05:43.938542+00:00
W0000 00:00:1790561143.944776   30112 inference_feedback_manager.cc:114] Feedback manager requires a model with a single signature inference. Disabling support for feedback tensors.
W0000 00:00:1790561143.957933   19720 landmark_projection_calculator.cc:186] Using NORM_RECT without IMAGE_DIMENSIONS is only supported for the square ROI. Provide IMAGE_DIMENSIONS or use PROJECTION_MATRIX.
[phase] warmup    end   wall=2026-09-28T02:05:46.939477+00:00
[phase] settle    start wall=2026-09-28T02:05:46.948566+00:00
[phase] settle    end   wall=2026-09-28T02:05:47.949244+00:00
[phase] idle_pre  start wall=2026-09-28T02:05:47.949244+00:00
[phase] idle_pre  end   wall=2026-09-28T02:05:50.949708+00:00
[phase] active    start wall=2026-09-28T02:05:50.949708+00:00
[phase] active    end   wall=2026-09-28T02:06:10.950311+00:00
[phase] idle_post start wall=2026-09-28T02:06:10.950311+00:00
[phase] idle_post end   wall=2026-09-28T02:06:12.950626+00:00
gap S_b03_gap: processed 600/600, dropped 0, miss 0, response p99 6.178088708547874, reportable=False
  ! not a Raspberry Pi run (no aarch64/vcgencmd): desktop dry run only
  ! CPU governor not 'performance' at platform_start: {}
  ! CPU governor not 'performance' at platform_end: {}
  ! PMIC read/parse errors: 208
  ! no PMIC samples in idle_pre
  ! no PMIC samples in active
  ! no PMIC samples in idle_post
  -> work\pi_prep_2026-09-28\pc_dryrun\PC_DRYRUN_secondary\S_b03_gap\run.json
2026-09-28T11:06:14.645393+09:00 run S_b03_gap exit 0
2026-09-28T11:06:14.645393+09:00 cooldown: minimum 0s
2026-09-28T11:06:14.648394+09:00 cooldown done: {'waited_s': 0.0, 'target_c': None, 'temp_at_start_c': None, 'target_met': True}
2026-09-28T11:06:14.648394+09:00 run S_b03_ours_vpres (block 3, #8): C:\Users\sch\PycharmProjects\IEEE_sensors\.venv-nonpi\Scripts\python.exe -m src.v2.deploy.run_paced --mode ours_vpres --bundle-root work\nonpi_2026-09-22_onnx\packages\pi_default --bundle-verification work\nonpi_2026-09-22_onnx\packages\pi_default\local_verification.json --equivalence-gate results\v2\check_equivalence.json --source data/_legacy_public/eyeblink8/eyeblink8/9/27122013_152435_cam.avi --expected-clip-sha256 d895e84ad08b3a647bad25b6c696448e2e8305a5cd37968d7075b2cee2e38e0a --expected-clip-frames 5134 --protocol work\pi_prep_2026-09-28\protocol\pi5_paced30_v1.json --protocol-set secondary --out-dir work\pi_prep_2026-09-28\pc_dryrun\PC_DRYRUN_secondary --run-id S_b03_ours_vpres --session-id PC_DRYRUN_secondary --block 3 --order-index 8 --fps 30.0 --pacing drop --budget-ms 33.333333333333336 --warmup-s 3.0 --settle-s 1.0 --idle-pre-s 3.0 --active-s 20.0 --idle-post-s 2.0 --power-hz 7.5 --thermal-hz 1.0 --intra-threads 2 --no-spin
INFO: Created TensorFlow Lite XNNPACK delegate for CPU.
WARNING: All log messages before absl::InitializeLog() is called are written to STDERR
W0000 00:00:1790561175.406822   27380 inference_feedback_manager.cc:114] Feedback manager requires a model with a single signature inference. Disabling support for feedback tensors.
W0000 00:00:1790561175.412383   27380 inference_feedback_manager.cc:114] Feedback manager requires a model with a single signature inference. Disabling support for feedback tensors.
[phase] warmup    start wall=2026-09-28T02:06:15.419980+00:00
W0000 00:00:1790561175.437981   18168 landmark_projection_calculator.cc:186] Using NORM_RECT without IMAGE_DIMENSIONS is only supported for the square ROI. Provide IMAGE_DIMENSIONS or use PROJECTION_MATRIX.
[phase] warmup    end   wall=2026-09-28T02:06:18.421444+00:00
[phase] settle    start wall=2026-09-28T02:06:18.429954+00:00
[phase] settle    end   wall=2026-09-28T02:06:19.430773+00:00
[phase] idle_pre  start wall=2026-09-28T02:06:19.430773+00:00
[phase] idle_pre  end   wall=2026-09-28T02:06:22.431203+00:00
[phase] active    start wall=2026-09-28T02:06:22.431203+00:00
[phase] active    end   wall=2026-09-28T02:06:42.431652+00:00
[phase] idle_post start wall=2026-09-28T02:06:42.431652+00:00
[phase] idle_post end   wall=2026-09-28T02:06:44.432346+00:00
ours_vpres S_b03_ours_vpres: processed 600/600, dropped 0, miss 0, response p99 5.566762266680598, reportable=False
  ! not a Raspberry Pi run (no aarch64/vcgencmd): desktop dry run only
  ! CPU governor not 'performance' at platform_start: {}
  ! CPU governor not 'performance' at platform_end: {}
  ! PMIC read/parse errors: 208
  ! no PMIC samples in idle_pre
  ! no PMIC samples in active
  ! no PMIC samples in idle_post
  -> work\pi_prep_2026-09-28\pc_dryrun\PC_DRYRUN_secondary\S_b03_ours_vpres\run.json
2026-09-28T11:06:46.103349+09:00 run S_b03_ours_vpres exit 0
2026-09-28T11:06:46.108350+09:00 summary: reportable 0, excluded 9
