2026-09-28T11:06:46.409694+09:00 session PC_DRYRUN_freerun set=freerun exploratory=True protocol=work\pi_prep_2026-09-28\protocol\pi5_paced30_v1.json
2026-09-28T11:06:50.341389+09:00 PREFLIGHT: not a Raspberry Pi (aarch64 + vcgencmd)
2026-09-28T11:06:50.341389+09:00 PREFLIGHT: governor not performance: {}
2026-09-28T11:06:50.342384+09:00 PREFLIGHT: throttled=None [] (reboot / fix power & cooling)
2026-09-28T11:06:50.343386+09:00 reference idle 2s for session temperature
2026-09-28T11:06:52.348869+09:00 reference temp None
2026-09-28T11:06:52.348869+09:00 run F_b01_ours_vpres (block 1, #0): C:\Users\sch\PycharmProjects\IEEE_sensors\.venv-nonpi\Scripts\python.exe -m src.v2.deploy.run_paced --mode ours_vpres --bundle-root work\nonpi_2026-09-22_onnx\packages\pi_default --bundle-verification work\nonpi_2026-09-22_onnx\packages\pi_default\local_verification.json --equivalence-gate results\v2\check_equivalence.json --source data/_legacy_public/eyeblink8/eyeblink8/9/27122013_152435_cam.avi --expected-clip-sha256 d895e84ad08b3a647bad25b6c696448e2e8305a5cd37968d7075b2cee2e38e0a --expected-clip-frames 5134 --protocol work\pi_prep_2026-09-28\protocol\pi5_paced30_v1.json --protocol-set freerun --out-dir work\pi_prep_2026-09-28\pc_dryrun\PC_DRYRUN_freerun --run-id F_b01_ours_vpres --session-id PC_DRYRUN_freerun --block 1 --order-index 0 --fps 30.0 --pacing freerun --budget-ms 33.333333333333336 --warmup-s 3.0 --settle-s 1.0 --idle-pre-s 3.0 --active-s 20.0 --idle-post-s 2.0 --power-hz 7.5 --thermal-hz 1.0 --intra-threads 2 --no-spin
2026-09-28T11:07:03.198260+09:00 run F_b01_ours_vpres exit 0
2026-09-28T11:07:03.198260+09:00 cooldown: minimum 0s
2026-09-28T11:07:03.200260+09:00 cooldown done: {'waited_s': 0.015999999945051968, 'target_c': None, 'temp_at_start_c': None, 'target_met': True}
2026-09-28T11:07:03.200260+09:00 run F_b01_image_cnn_head (block 1, #1): C:\Users\sch\PycharmProjects\IEEE_sensors\.venv-nonpi\Scripts\python.exe -m src.v2.deploy.run_paced --mode image_cnn_head --bundle-root work\nonpi_2026-09-22_onnx\packages\pi_default --bundle-verification work\nonpi_2026-09-22_onnx\packages\pi_default\local_verification.json --equivalence-gate results\v2\check_equivalence.json --source data/_legacy_public/eyeblink8/eyeblink8/9/27122013_152435_cam.avi --expected-clip-sha256 d895e84ad08b3a647bad25b6c696448e2e8305a5cd37968d7075b2cee2e38e0a --expected-clip-frames 5134 --protocol work\pi_prep_2026-09-28\protocol\pi5_paced30_v1.json --protocol-set freerun --out-dir work\pi_prep_2026-09-28\pc_dryrun\PC_DRYRUN_freerun --run-id F_b01_image_cnn_head --session-id PC_DRYRUN_freerun --block 1 --order-index 1 --fps 30.0 --pacing freerun --budget-ms 33.333333333333336 --warmup-s 3.0 --settle-s 1.0 --idle-pre-s 3.0 --active-s 20.0 --idle-post-s 2.0 --power-hz 7.5 --thermal-hz 1.0 --intra-threads 2 --no-spin
2026-09-28T11:07:14.227578+09:00 run F_b01_image_cnn_head exit 0
2026-09-28T11:07:14.227578+09:00 cooldown: minimum 0s
2026-09-28T11:07:14.229588+09:00 cooldown done: {'waited_s': 0.0, 'target_c': None, 'temp_at_start_c': None, 'target_met': True}
2026-09-28T11:07:14.229588+09:00 run F_b01_ear_rule (block 1, #2): C:\Users\sch\PycharmProjects\IEEE_sensors\.venv-nonpi\Scripts\python.exe -m src.v2.deploy.run_paced --mode ear_rule --bundle-root work\nonpi_2026-09-22_onnx\packages\pi_default --bundle-verification work\nonpi_2026-09-22_onnx\packages\pi_default\local_verification.json --equivalence-gate results\v2\check_equivalence.json --source data/_legacy_public/eyeblink8/eyeblink8/9/27122013_152435_cam.avi --expected-clip-sha256 d895e84ad08b3a647bad25b6c696448e2e8305a5cd37968d7075b2cee2e38e0a --expected-clip-frames 5134 --protocol work\pi_prep_2026-09-28\protocol\pi5_paced30_v1.json --protocol-set freerun --out-dir work\pi_prep_2026-09-28\pc_dryrun\PC_DRYRUN_freerun --run-id F_b01_ear_rule --session-id PC_DRYRUN_freerun --block 1 --order-index 2 --fps 30.0 --pacing freerun --budget-ms 33.333333333333336 --warmup-s 3.0 --settle-s 1.0 --idle-pre-s 3.0 --active-s 20.0 --idle-post-s 2.0 --power-hz 7.5 --thermal-hz 1.0 --intra-threads 2 --no-spin
2026-09-28T11:07:24.647480+09:00 run F_b01_ear_rule exit 0
2026-09-28T11:07:24.647480+09:00 cooldown: minimum 0s
2026-09-28T11:07:24.650486+09:00 cooldown done: {'waited_s': 0.0, 'target_c': None, 'temp_at_start_c': None, 'target_met': True}
2026-09-28T11:07:24.650486+09:00 run F_b02_image_cnn_head (block 2, #3): C:\Users\sch\PycharmProjects\IEEE_sensors\.venv-nonpi\Scripts\python.exe -m src.v2.deploy.run_paced --mode image_cnn_head --bundle-root work\nonpi_2026-09-22_onnx\packages\pi_default --bundle-verification work\nonpi_2026-09-22_onnx\packages\pi_default\local_verification.json --equivalence-gate results\v2\check_equivalence.json --source data/_legacy_public/eyeblink8/eyeblink8/9/27122013_152435_cam.avi --expected-clip-sha256 d895e84ad08b3a647bad25b6c696448e2e8305a5cd37968d7075b2cee2e38e0a --expected-clip-frames 5134 --protocol work\pi_prep_2026-09-28\protocol\pi5_paced30_v1.json --protocol-set freerun --out-dir work\pi_prep_2026-09-28\pc_dryrun\PC_DRYRUN_freerun --run-id F_b02_image_cnn_head --session-id PC_DRYRUN_freerun --block 2 --order-index 3 --fps 30.0 --pacing freerun --budget-ms 33.333333333333336 --warmup-s 3.0 --settle-s 1.0 --idle-pre-s 3.0 --active-s 20.0 --idle-post-s 2.0 --power-hz 7.5 --thermal-hz 1.0 --intra-threads 2 --no-spin
2026-09-28T11:07:35.684300+09:00 run F_b02_image_cnn_head exit 0
2026-09-28T11:07:35.684300+09:00 cooldown: minimum 0s
2026-09-28T11:07:35.687307+09:00 cooldown done: {'waited_s': 0.0, 'target_c': None, 'temp_at_start_c': None, 'target_met': True}
2026-09-28T11:07:35.687307+09:00 run F_b02_ours_vpres (block 2, #4): C:\Users\sch\PycharmProjects\IEEE_sensors\.venv-nonpi\Scripts\python.exe -m src.v2.deploy.run_paced --mode ours_vpres --bundle-root work\nonpi_2026-09-22_onnx\packages\pi_default --bundle-verification work\nonpi_2026-09-22_onnx\packages\pi_default\local_verification.json --equivalence-gate results\v2\check_equivalence.json --source data/_legacy_public/eyeblink8/eyeblink8/9/27122013_152435_cam.avi --expected-clip-sha256 d895e84ad08b3a647bad25b6c696448e2e8305a5cd37968d7075b2cee2e38e0a --expected-clip-frames 5134 --protocol work\pi_prep_2026-09-28\protocol\pi5_paced30_v1.json --protocol-set freerun --out-dir work\pi_prep_2026-09-28\pc_dryrun\PC_DRYRUN_freerun --run-id F_b02_ours_vpres --session-id PC_DRYRUN_freerun --block 2 --order-index 4 --fps 30.0 --pacing freerun --budget-ms 33.333333333333336 --warmup-s 3.0 --settle-s 1.0 --idle-pre-s 3.0 --active-s 20.0 --idle-post-s 2.0 --power-hz 7.5 --thermal-hz 1.0 --intra-threads 2 --no-spin
2026-09-28T11:07:46.479383+09:00 run F_b02_ours_vpres exit 0
2026-09-28T11:07:46.479383+09:00 cooldown: minimum 0s
2026-09-28T11:07:46.482382+09:00 cooldown done: {'waited_s': 0.01600000006146729, 'target_c': None, 'temp_at_start_c': None, 'target_met': True}
2026-09-28T11:07:46.482382+09:00 run F_b02_ear_rule (block 2, #5): C:\Users\sch\PycharmProjects\IEEE_sensors\.venv-nonpi\Scripts\python.exe -m src.v2.deploy.run_paced --mode ear_rule --bundle-root work\nonpi_2026-09-22_onnx\packages\pi_default --bundle-verification work\nonpi_2026-09-22_onnx\packages\pi_default\local_verification.json --equivalence-gate results\v2\check_equivalence.json --source data/_legacy_public/eyeblink8/eyeblink8/9/27122013_152435_cam.avi --expected-clip-sha256 d895e84ad08b3a647bad25b6c696448e2e8305a5cd37968d7075b2cee2e38e0a --expected-clip-frames 5134 --protocol work\pi_prep_2026-09-28\protocol\pi5_paced30_v1.json --protocol-set freerun --out-dir work\pi_prep_2026-09-28\pc_dryrun\PC_DRYRUN_freerun --run-id F_b02_ear_rule --session-id PC_DRYRUN_freerun --block 2 --order-index 5 --fps 30.0 --pacing freerun --budget-ms 33.333333333333336 --warmup-s 3.0 --settle-s 1.0 --idle-pre-s 3.0 --active-s 20.0 --idle-post-s 2.0 --power-hz 7.5 --thermal-hz 1.0 --intra-threads 2 --no-spin
2026-09-28T11:07:56.908185+09:00 run F_b02_ear_rule exit 0
2026-09-28T11:07:56.908185+09:00 cooldown: minimum 0s
2026-09-28T11:07:56.911333+09:00 cooldown done: {'waited_s': 0.0, 'target_c': None, 'temp_at_start_c': None, 'target_met': True}
2026-09-28T11:07:56.911333+09:00 run F_b03_image_cnn_head (block 3, #6): C:\Users\sch\PycharmProjects\IEEE_sensors\.venv-nonpi\Scripts\python.exe -m src.v2.deploy.run_paced --mode image_cnn_head --bundle-root work\nonpi_2026-09-22_onnx\packages\pi_default --bundle-verification work\nonpi_2026-09-22_onnx\packages\pi_default\local_verification.json --equivalence-gate results\v2\check_equivalence.json --source data/_legacy_public/eyeblink8/eyeblink8/9/27122013_152435_cam.avi --expected-clip-sha256 d895e84ad08b3a647bad25b6c696448e2e8305a5cd37968d7075b2cee2e38e0a --expected-clip-frames 5134 --protocol work\pi_prep_2026-09-28\protocol\pi5_paced30_v1.json --protocol-set freerun --out-dir work\pi_prep_2026-09-28\pc_dryrun\PC_DRYRUN_freerun --run-id F_b03_image_cnn_head --session-id PC_DRYRUN_freerun --block 3 --order-index 6 --fps 30.0 --pacing freerun --budget-ms 33.333333333333336 --warmup-s 3.0 --settle-s 1.0 --idle-pre-s 3.0 --active-s 20.0 --idle-post-s 2.0 --power-hz 7.5 --thermal-hz 1.0 --intra-threads 2 --no-spin
2026-09-28T11:08:07.942731+09:00 run F_b03_image_cnn_head exit 0
2026-09-28T11:08:07.942731+09:00 cooldown: minimum 0s
2026-09-28T11:08:07.945736+09:00 cooldown done: {'waited_s': 0.0, 'target_c': None, 'temp_at_start_c': None, 'target_met': True}
2026-09-28T11:08:07.945736+09:00 run F_b03_ear_rule (block 3, #7): C:\Users\sch\PycharmProjects\IEEE_sensors\.venv-nonpi\Scripts\python.exe -m src.v2.deploy.run_paced --mode ear_rule --bundle-root work\nonpi_2026-09-22_onnx\packages\pi_default --bundle-verification work\nonpi_2026-09-22_onnx\packages\pi_default\local_verification.json --equivalence-gate results\v2\check_equivalence.json --source data/_legacy_public/eyeblink8/eyeblink8/9/27122013_152435_cam.avi --expected-clip-sha256 d895e84ad08b3a647bad25b6c696448e2e8305a5cd37968d7075b2cee2e38e0a --expected-clip-frames 5134 --protocol work\pi_prep_2026-09-28\protocol\pi5_paced30_v1.json --protocol-set freerun --out-dir work\pi_prep_2026-09-28\pc_dryrun\PC_DRYRUN_freerun --run-id F_b03_ear_rule --session-id PC_DRYRUN_freerun --block 3 --order-index 7 --fps 30.0 --pacing freerun --budget-ms 33.333333333333336 --warmup-s 3.0 --settle-s 1.0 --idle-pre-s 3.0 --active-s 20.0 --idle-post-s 2.0 --power-hz 7.5 --thermal-hz 1.0 --intra-threads 2 --no-spin
2026-09-28T11:08:18.376502+09:00 run F_b03_ear_rule exit 0
2026-09-28T11:08:18.376502+09:00 cooldown: minimum 0s
2026-09-28T11:08:18.379501+09:00 cooldown done: {'waited_s': 0.0, 'target_c': None, 'temp_at_start_c': None, 'target_met': True}
2026-09-28T11:08:18.379501+09:00 run F_b03_ours_vpres (block 3, #8): C:\Users\sch\PycharmProjects\IEEE_sensors\.venv-nonpi\Scripts\python.exe -m src.v2.deploy.run_paced --mode ours_vpres --bundle-root work\nonpi_2026-09-22_onnx\packages\pi_default --bundle-verification work\nonpi_2026-09-22_onnx\packages\pi_default\local_verification.json --equivalence-gate results\v2\check_equivalence.json --source data/_legacy_public/eyeblink8/eyeblink8/9/27122013_152435_cam.avi --expected-clip-sha256 d895e84ad08b3a647bad25b6c696448e2e8305a5cd37968d7075b2cee2e38e0a --expected-clip-frames 5134 --protocol work\pi_prep_2026-09-28\protocol\pi5_paced30_v1.json --protocol-set freerun --out-dir work\pi_prep_2026-09-28\pc_dryrun\PC_DRYRUN_freerun --run-id F_b03_ours_vpres --session-id PC_DRYRUN_freerun --block 3 --order-index 8 --fps 30.0 --pacing freerun --budget-ms 33.333333333333336 --warmup-s 3.0 --settle-s 1.0 --idle-pre-s 3.0 --active-s 20.0 --idle-post-s 2.0 --power-hz 7.5 --thermal-hz 1.0 --intra-threads 2 --no-spin
2026-09-28T11:08:29.278644+09:00 run F_b03_ours_vpres exit 0
2026-09-28T11:08:29.282643+09:00 summary: reportable 0, excluded 9
